[debug] [2026-01-03T15:18:44.495Z] ----------------------------------------------------------------------
[debug] [2026-01-03T15:18:44.499Z] Command:       /Users/sanjeevbhatta/.nvm/versions/node/v23.10.0/bin/node /usr/local/bin/firebase deploy --only functions:serveWebsite
[debug] [2026-01-03T15:18:44.499Z] CLI Version:   13.34.0
[debug] [2026-01-03T15:18:44.500Z] Platform:      darwin
[debug] [2026-01-03T15:18:44.500Z] Node Version:  v23.10.0
[debug] [2026-01-03T15:18:44.500Z] Time:          Sat Jan 03 2026 09:18:44 GMT-0600 (Central Standard Time)
[debug] [2026-01-03T15:18:44.500Z] ----------------------------------------------------------------------
[debug] 
[debug] [2026-01-03T15:18:44.735Z] Object "" in "firebase.json" has unknown property: {"additionalProperty":"ignore"}
[debug] [2026-01-03T15:18:44.739Z] > command requires scopes: ["email","openid","https://www.googleapis.com/auth/cloudplatformprojects.readonly","https://www.googleapis.com/auth/firebase","https://www.googleapis.com/auth/cloud-platform"]
[debug] [2026-01-03T15:18:44.739Z] > authorizing via signed-in user (sanjivbhatta100@gmail.com)
[debug] [2026-01-03T15:18:44.739Z] [iam] checking project restaurant-portal-6b147 for permissions ["cloudfunctions.functions.create","cloudfunctions.functions.delete","cloudfunctions.functions.get","cloudfunctions.functions.list","cloudfunctions.functions.update","cloudfunctions.operations.get","firebase.projects.get"]
[debug] [2026-01-03T15:18:44.740Z] Checked if tokens are valid: false, expires at: 1767421441081
[debug] [2026-01-03T15:18:44.741Z] Checked if tokens are valid: false, expires at: 1767421441081
[debug] [2026-01-03T15:18:44.741Z] > refreshing access token with scopes: []
[debug] [2026-01-03T15:18:44.742Z] >>> [apiv2][query] POST https://www.googleapis.com/oauth2/v3/token [none]
[debug] [2026-01-03T15:18:44.743Z] >>> [apiv2][body] POST https://www.googleapis.com/oauth2/v3/token [omitted]
[debug] [2026-01-03T15:18:44.947Z] <<< [apiv2][status] POST https://www.googleapis.com/oauth2/v3/token 200
[debug] [2026-01-03T15:18:44.947Z] <<< [apiv2][body] POST https://www.googleapis.com/oauth2/v3/token [omitted]
[error] Authentication Error: Your credentials are no longer valid. Please run firebase login --reauth

For CI servers and headless environments, generate a new token with firebase login:ci
[debug] [2026-01-03T15:18:44.953Z] [iam] error while checking permissions, command may fail: Authentication Error: Your credentials are no longer valid. Please run firebase login --reauth

For CI servers and headless environments, generate a new token with firebase login:ci
[debug] [2026-01-03T15:18:44.953Z] Checked if tokens are valid: true, expires at: 1767457123947
[debug] [2026-01-03T15:18:44.953Z] Checked if tokens are valid: true, expires at: 1767457123947
[debug] [2026-01-03T15:18:44.953Z] >>> [apiv2][query] POST https://iam.googleapis.com/v1/projects/restaurant-portal-6b147/serviceAccounts/restaurant-portal-6b147@appspot.gserviceaccount.com:testIamPermissions [none]
[debug] [2026-01-03T15:18:44.954Z] >>> [apiv2][body] POST https://iam.googleapis.com/v1/projects/restaurant-portal-6b147/serviceAccounts/restaurant-portal-6b147@appspot.gserviceaccount.com:testIamPermissions {"permissions":["iam.serviceAccounts.actAs"]}
[debug] [2026-01-03T15:18:45.144Z] <<< [apiv2][status] POST https://iam.googleapis.com/v1/projects/restaurant-portal-6b147/serviceAccounts/restaurant-portal-6b147@appspot.gserviceaccount.com:testIamPermissions 200
[debug] [2026-01-03T15:18:45.144Z] <<< [apiv2][body] POST https://iam.googleapis.com/v1/projects/restaurant-portal-6b147/serviceAccounts/restaurant-portal-6b147@appspot.gserviceaccount.com:testIamPermissions {"permissions":["iam.serviceAccounts.actAs"]}
[info] 
[info] === Deploying to 'restaurant-portal-6b147'...
[info] 
[info] i  deploying functions 
[debug] [2026-01-03T15:18:45.152Z] Checked if tokens are valid: true, expires at: 1767457123947
[debug] [2026-01-03T15:18:45.152Z] Checked if tokens are valid: true, expires at: 1767457123947
[debug] [2026-01-03T15:18:45.152Z] >>> [apiv2][query] GET https://cloudresourcemanager.googleapis.com/v1/projects/restaurant-portal-6b147 [none]
[debug] [2026-01-03T15:18:45.344Z] <<< [apiv2][status] GET https://cloudresourcemanager.googleapis.com/v1/projects/restaurant-portal-6b147 200
[debug] [2026-01-03T15:18:45.344Z] <<< [apiv2][body] GET https://cloudresourcemanager.googleapis.com/v1/projects/restaurant-portal-6b147 {"projectNumber":"767096499289","projectId":"restaurant-portal-6b147","lifecycleState":"ACTIVE","name":"restaurant-portal","labels":{"firebase":"enabled","firebase-core":"disabled"},"createTime":"2025-03-16T22:51:46.428453Z"}
[info] i  functions: preparing codebase default for deployment 
[info] i  functions: ensuring required API cloudfunctions.googleapis.com is enabled... 
[debug] [2026-01-03T15:18:45.345Z] Checked if tokens are valid: true, expires at: 1767457123947
[debug] [2026-01-03T15:18:45.346Z] Checked if tokens are valid: true, expires at: 1767457123947
[debug] [2026-01-03T15:18:45.347Z] Checked if tokens are valid: true, expires at: 1767457123947
[debug] [2026-01-03T15:18:45.347Z] Checked if tokens are valid: true, expires at: 1767457123947
[info] i  functions: ensuring required API cloudbuild.googleapis.com is enabled... 
[debug] [2026-01-03T15:18:45.349Z] Checked if tokens are valid: true, expires at: 1767457123947
[debug] [2026-01-03T15:18:45.349Z] Checked if tokens are valid: true, expires at: 1767457123947
[info] i  artifactregistry: ensuring required API artifactregistry.googleapis.com is enabled... 
[debug] [2026-01-03T15:18:45.350Z] Checked if tokens are valid: true, expires at: 1767457123947
[debug] [2026-01-03T15:18:45.350Z] Checked if tokens are valid: true, expires at: 1767457123947
[debug] [2026-01-03T15:18:45.351Z] >>> [apiv2][query] GET https://serviceusage.googleapis.com/v1/projects/restaurant-portal-6b147/services/cloudfunctions.googleapis.com [none]
[debug] [2026-01-03T15:18:45.351Z] >>> [apiv2][(partial)header] GET https://serviceusage.googleapis.com/v1/projects/restaurant-portal-6b147/services/cloudfunctions.googleapis.com x-goog-quota-user=projects/restaurant-portal-6b147
[debug] [2026-01-03T15:18:45.353Z] >>> [apiv2][query] GET https://serviceusage.googleapis.com/v1/projects/restaurant-portal-6b147/services/runtimeconfig.googleapis.com [none]
[debug] [2026-01-03T15:18:45.353Z] >>> [apiv2][(partial)header] GET https://serviceusage.googleapis.com/v1/projects/restaurant-portal-6b147/services/runtimeconfig.googleapis.com x-goog-quota-user=projects/restaurant-portal-6b147
[debug] [2026-01-03T15:18:45.355Z] >>> [apiv2][query] GET https://serviceusage.googleapis.com/v1/projects/restaurant-portal-6b147/services/cloudbuild.googleapis.com [none]
[debug] [2026-01-03T15:18:45.355Z] >>> [apiv2][(partial)header] GET https://serviceusage.googleapis.com/v1/projects/restaurant-portal-6b147/services/cloudbuild.googleapis.com x-goog-quota-user=projects/restaurant-portal-6b147
[debug] [2026-01-03T15:18:45.357Z] >>> [apiv2][query] GET https://serviceusage.googleapis.com/v1/projects/restaurant-portal-6b147/services/artifactregistry.googleapis.com [none]
[debug] [2026-01-03T15:18:45.357Z] >>> [apiv2][(partial)header] GET https://serviceusage.googleapis.com/v1/projects/restaurant-portal-6b147/services/artifactregistry.googleapis.com x-goog-quota-user=projects/restaurant-portal-6b147
[debug] [2026-01-03T15:18:45.658Z] <<< [apiv2][status] GET https://serviceusage.googleapis.com/v1/projects/restaurant-portal-6b147/services/runtimeconfig.googleapis.com 200
[debug] [2026-01-03T15:18:45.658Z] <<< [apiv2][body] GET https://serviceusage.googleapis.com/v1/projects/restaurant-portal-6b147/services/runtimeconfig.googleapis.com [omitted]
[debug] [2026-01-03T15:18:45.659Z] <<< [apiv2][status] GET https://serviceusage.googleapis.com/v1/projects/restaurant-portal-6b147/services/cloudbuild.googleapis.com 200
[debug] [2026-01-03T15:18:45.659Z] <<< [apiv2][body] GET https://serviceusage.googleapis.com/v1/projects/restaurant-portal-6b147/services/cloudbuild.googleapis.com [omitted]
[info] ✔  functions: required API cloudbuild.googleapis.com is enabled 
[debug] [2026-01-03T15:18:45.660Z] <<< [apiv2][status] GET https://serviceusage.googleapis.com/v1/projects/restaurant-portal-6b147/services/artifactregistry.googleapis.com 200
[debug] [2026-01-03T15:18:45.661Z] <<< [apiv2][body] GET https://serviceusage.googleapis.com/v1/projects/restaurant-portal-6b147/services/artifactregistry.googleapis.com [omitted]
[info] ✔  artifactregistry: required API artifactregistry.googleapis.com is enabled 
[debug] [2026-01-03T15:18:45.693Z] <<< [apiv2][status] GET https://serviceusage.googleapis.com/v1/projects/restaurant-portal-6b147/services/cloudfunctions.googleapis.com 200
[debug] [2026-01-03T15:18:45.693Z] <<< [apiv2][body] GET https://serviceusage.googleapis.com/v1/projects/restaurant-portal-6b147/services/cloudfunctions.googleapis.com [omitted]
[info] ✔  functions: required API cloudfunctions.googleapis.com is enabled 
[debug] [2026-01-03T15:18:45.694Z] Checked if tokens are valid: true, expires at: 1767457123947
[debug] [2026-01-03T15:18:45.694Z] Checked if tokens are valid: true, expires at: 1767457123947
[debug] [2026-01-03T15:18:45.694Z] >>> [apiv2][query] GET https://firebase.googleapis.com/v1beta1/projects/restaurant-portal-6b147/adminSdkConfig [none]
[debug] [2026-01-03T15:18:46.024Z] <<< [apiv2][status] GET https://firebase.googleapis.com/v1beta1/projects/restaurant-portal-6b147/adminSdkConfig 200
[debug] [2026-01-03T15:18:46.024Z] <<< [apiv2][body] GET https://firebase.googleapis.com/v1beta1/projects/restaurant-portal-6b147/adminSdkConfig {"projectId":"restaurant-portal-6b147","storageBucket":"restaurant-portal-6b147.firebasestorage.app"}
[debug] [2026-01-03T15:18:46.024Z] Checked if tokens are valid: true, expires at: 1767457123947
[debug] [2026-01-03T15:18:46.024Z] Checked if tokens are valid: true, expires at: 1767457123947
[debug] [2026-01-03T15:18:46.025Z] >>> [apiv2][query] GET https://runtimeconfig.googleapis.com/v1beta1/projects/restaurant-portal-6b147/configs [none]
[debug] [2026-01-03T15:18:46.211Z] <<< [apiv2][status] GET https://runtimeconfig.googleapis.com/v1beta1/projects/restaurant-portal-6b147/configs 200
[debug] [2026-01-03T15:18:46.211Z] <<< [apiv2][body] GET https://runtimeconfig.googleapis.com/v1beta1/projects/restaurant-portal-6b147/configs {}
[debug] [2026-01-03T15:18:46.214Z] Validating nodejs source
[debug] [2026-01-03T15:18:47.326Z] > [functions] package.json contents: {
  "name": "functions",
  "description": "Cloud Functions for Firebase",
  "scripts": {
    "serve": "firebase emulators:start --only functions",
    "shell": "firebase functions:shell",
    "start": "npm run shell",
    "deploy": "firebase deploy --only functions",
    "logs": "firebase functions:log"
  },
  "engines": {
    "node": "20"
  },
  "main": "index.js",
  "dependencies": {
    "axios": "^1.6.7",
    "cors": "^2.8.5",
    "firebase-admin": "^11.11.1",
    "firebase-functions": "^6.4.0",
    "stripe": "^20.1.0"
  },
  "private": true
}
[debug] [2026-01-03T15:18:47.326Z] Building nodejs source
[info] i  functions: Loading and analyzing source code for codebase default to determine what to deploy 
[debug] [2026-01-03T15:18:47.328Z] Could not find functions.yaml. Must use http discovery
[debug] [2026-01-03T15:18:47.337Z] Found firebase-functions binary at '/Users/sanjeevbhatta/Documents/GitHub/restaurant-wizard/functions/node_modules/.bin/firebase-functions'
[info] Serving at port 8958

[debug] [2026-01-03T15:18:48.561Z] Got response from /__/functions.yaml {"endpoints":{"lookupEmailByUsername":{"availableMemoryMb":null,"timeoutSeconds":null,"minInstances":null,"maxInstances":null,"ingressSettings":null,"concurrency":null,"serviceAccountEmail":null,"vpc":null,"platform":"gcfv2","labels":{},"httpsTrigger":{},"entryPoint":"lookupEmailByUsername"},"createPaymentIntent":{"availableMemoryMb":null,"timeoutSeconds":null,"minInstances":null,"maxInstances":null,"ingressSettings":null,"concurrency":null,"serviceAccountEmail":null,"vpc":null,"platform":"gcfv2","labels":{},"callableTrigger":{},"entryPoint":"createPaymentIntent"},"confirmStripePayment":{"availableMemoryMb":null,"timeoutSeconds":null,"minInstances":null,"maxInstances":null,"ingressSettings":null,"concurrency":null,"serviceAccountEmail":null,"vpc":null,"platform":"gcfv2","labels":{},"callableTrigger":{},"entryPoint":"confirmStripePayment"},"processStripeRefund":{"availableMemoryMb":null,"timeoutSeconds":null,"minInstances":null,"maxInstances":null,"ingressSettings":null,"concurrency":null,"serviceAccountEmail":null,"vpc":null,"platform":"gcfv2","labels":{},"callableTrigger":{},"entryPoint":"processStripeRefund"},"getStripeConfig":{"availableMemoryMb":null,"timeoutSeconds":null,"minInstances":null,"maxInstances":null,"ingressSettings":null,"concurrency":null,"serviceAccountEmail":null,"vpc":null,"platform":"gcfv2","labels":{},"callableTrigger":{},"entryPoint":"getStripeConfig"},"createTierPayment":{"availableMemoryMb":null,"timeoutSeconds":null,"minInstances":null,"maxInstances":null,"ingressSettings":null,"concurrency":null,"serviceAccountEmail":null,"vpc":null,"platform":"gcfv2","labels":{},"callableTrigger":{},"entryPoint":"createTierPayment"},"processSocialMediaPost":{"availableMemoryMb":null,"timeoutSeconds":null,"minInstances":null,"maxInstances":null,"ingressSettings":null,"concurrency":null,"serviceAccountEmail":null,"vpc":null,"platform":"gcfv2","labels":{},"eventTrigger":{"eventType":"google.cloud.firestore.document.v1.created","eventFilters":{"database":"(default)","namespace":"(default)"},"eventFilterPathPatterns":{"document":"socialMediaPosts/{postId}"},"retry":false},"entryPoint":"processSocialMediaPost"},"serveWebsite":{"availableMemoryMb":null,"timeoutSeconds":null,"minInstances":null,"maxInstances":null,"ingressSettings":null,"concurrency":null,"serviceAccountEmail":null,"vpc":null,"platform":"gcfv2","labels":{},"httpsTrigger":{},"entryPoint":"serveWebsite"},"uploadTemplate":{"availableMemoryMb":null,"timeoutSeconds":null,"minInstances":null,"maxInstances":null,"ingressSettings":null,"concurrency":null,"serviceAccountEmail":null,"vpc":null,"platform":"gcfv2","labels":{},"callableTrigger":{},"entryPoint":"uploadTemplate"},"saveWebsiteConfig":{"availableMemoryMb":null,"timeoutSeconds":null,"minInstances":null,"maxInstances":null,"ingressSettings":null,"concurrency":null,"serviceAccountEmail":null,"vpc":null,"platform":"gcfv2","labels":{},"callableTrigger":{},"entryPoint":"saveWebsiteConfig"},"publishWebsite":{"availableMemoryMb":null,"timeoutSeconds":null,"minInstances":null,"maxInstances":null,"ingressSettings":null,"concurrency":null,"serviceAccountEmail":null,"vpc":null,"platform":"gcfv2","labels":{},"callableTrigger":{},"entryPoint":"publishWebsite"},"getMenu":{"availableMemoryMb":null,"timeoutSeconds":null,"minInstances":null,"maxInstances":null,"ingressSettings":null,"concurrency":null,"serviceAccountEmail":null,"vpc":null,"platform":"gcfv2","labels":{},"httpsTrigger":{},"entryPoint":"getMenu"},"submitOrder":{"availableMemoryMb":null,"timeoutSeconds":null,"minInstances":null,"maxInstances":null,"ingressSettings":null,"concurrency":null,"serviceAccountEmail":null,"vpc":null,"platform":"gcfv2","labels":{},"httpsTrigger":{},"entryPoint":"submitOrder"},"updateWebsite":{"availableMemoryMb":null,"timeoutSeconds":null,"minInstances":null,"maxInstances":null,"ingressSettings":null,"concurrency":null,"serviceAccountEmail":null,"vpc":null,"platform":"gcfv2","labels":{},"callableTrigger":{},"entryPoint":"updateWebsite"},"generateAIContent":{"availableMemoryMb":null,"timeoutSeconds":null,"minInstances":null,"maxInstances":null,"ingressSettings":null,"concurrency":null,"serviceAccountEmail":null,"vpc":null,"platform":"gcfv2","labels":{},"callableTrigger":{},"entryPoint":"generateAIContent"},"improveAIContent":{"availableMemoryMb":null,"timeoutSeconds":null,"minInstances":null,"maxInstances":null,"ingressSettings":null,"concurrency":null,"serviceAccountEmail":null,"vpc":null,"platform":"gcfv2","labels":{},"callableTrigger":{},"entryPoint":"improveAIContent"},"generateHashtags":{"availableMemoryMb":null,"timeoutSeconds":null,"minInstances":null,"maxInstances":null,"ingressSettings":null,"concurrency":null,"serviceAccountEmail":null,"vpc":null,"platform":"gcfv2","labels":{},"callableTrigger":{},"entryPoint":"generateHashtags"},"getSeoRecommendations":{"availableMemoryMb":null,"timeoutSeconds":null,"minInstances":null,"maxInstances":null,"ingressSettings":null,"concurrency":null,"serviceAccountEmail":null,"vpc":null,"platform":"gcfv2","labels":{},"callableTrigger":{},"entryPoint":"getSeoRecommendations"},"getContentIdeas":{"availableMemoryMb":null,"timeoutSeconds":null,"minInstances":null,"maxInstances":null,"ingressSettings":null,"concurrency":null,"serviceAccountEmail":null,"vpc":null,"platform":"gcfv2","labels":{},"callableTrigger":{},"entryPoint":"getContentIdeas"},"parseMenuImage":{"availableMemoryMb":null,"timeoutSeconds":null,"minInstances":null,"maxInstances":null,"ingressSettings":null,"concurrency":null,"serviceAccountEmail":null,"vpc":null,"platform":"gcfv2","labels":{},"callableTrigger":{},"entryPoint":"parseMenuImage"},"getAIAnalytics":{"availableMemoryMb":null,"timeoutSeconds":null,"minInstances":null,"maxInstances":null,"ingressSettings":null,"concurrency":null,"serviceAccountEmail":null,"vpc":null,"platform":"gcfv2","labels":{},"callableTrigger":{},"entryPoint":"getAIAnalytics"}},"specVersion":"v1alpha1","requiredAPIs":[],"extensions":{},"params":[{"type":"secret","name":"GEMINI_API_KEY"}]}
[info] i  extensions: ensuring required API firebaseextensions.googleapis.com is enabled... 
[debug] [2026-01-03T15:18:52.648Z] Checked if tokens are valid: true, expires at: 1767457123947
[debug] [2026-01-03T15:18:52.648Z] Checked if tokens are valid: true, expires at: 1767457123947
[debug] [2026-01-03T15:18:52.661Z] >>> [apiv2][query] GET https://serviceusage.googleapis.com/v1/projects/restaurant-portal-6b147/services/firebaseextensions.googleapis.com [none]
[debug] [2026-01-03T15:18:52.661Z] >>> [apiv2][(partial)header] GET https://serviceusage.googleapis.com/v1/projects/restaurant-portal-6b147/services/firebaseextensions.googleapis.com x-goog-quota-user=projects/restaurant-portal-6b147
[debug] [2026-01-03T15:18:52.921Z] <<< [apiv2][status] GET https://serviceusage.googleapis.com/v1/projects/restaurant-portal-6b147/services/firebaseextensions.googleapis.com 200
[debug] [2026-01-03T15:18:52.922Z] <<< [apiv2][body] GET https://serviceusage.googleapis.com/v1/projects/restaurant-portal-6b147/services/firebaseextensions.googleapis.com [omitted]
[info] ✔  extensions: required API firebaseextensions.googleapis.com is enabled 
[debug] [2026-01-03T15:18:52.922Z] > command requires scopes: ["email","openid","https://www.googleapis.com/auth/cloudplatformprojects.readonly","https://www.googleapis.com/auth/firebase","https://www.googleapis.com/auth/cloud-platform"]
[debug] [2026-01-03T15:18:52.922Z] > authorizing via signed-in user (sanjivbhatta100@gmail.com)
[debug] [2026-01-03T15:18:52.923Z] [iam] checking project restaurant-portal-6b147 for permissions ["firebase.projects.get","firebaseextensions.instances.list"]
[debug] [2026-01-03T15:18:52.923Z] Checked if tokens are valid: true, expires at: 1767457123947
[debug] [2026-01-03T15:18:52.923Z] Checked if tokens are valid: true, expires at: 1767457123947
[debug] [2026-01-03T15:18:52.923Z] >>> [apiv2][query] POST https://cloudresourcemanager.googleapis.com/v1/projects/restaurant-portal-6b147:testIamPermissions [none]
[debug] [2026-01-03T15:18:52.923Z] >>> [apiv2][(partial)header] POST https://cloudresourcemanager.googleapis.com/v1/projects/restaurant-portal-6b147:testIamPermissions x-goog-quota-user=projects/restaurant-portal-6b147
[debug] [2026-01-03T15:18:52.923Z] >>> [apiv2][body] POST https://cloudresourcemanager.googleapis.com/v1/projects/restaurant-portal-6b147:testIamPermissions {"permissions":["firebase.projects.get","firebaseextensions.instances.list"]}
[debug] [2026-01-03T15:18:53.081Z] <<< [apiv2][status] POST https://cloudresourcemanager.googleapis.com/v1/projects/restaurant-portal-6b147:testIamPermissions 200
[debug] [2026-01-03T15:18:53.081Z] <<< [apiv2][body] POST https://cloudresourcemanager.googleapis.com/v1/projects/restaurant-portal-6b147:testIamPermissions {"permissions":["firebase.projects.get","firebaseextensions.instances.list"]}
[debug] [2026-01-03T15:18:53.081Z] Checked if tokens are valid: true, expires at: 1767457123947
[debug] [2026-01-03T15:18:53.082Z] Checked if tokens are valid: true, expires at: 1767457123947
[debug] [2026-01-03T15:18:53.082Z] >>> [apiv2][query] GET https://firebaseextensions.googleapis.com/v1beta/projects/restaurant-portal-6b147/instances pageSize=100&pageToken=
[debug] [2026-01-03T15:18:53.378Z] <<< [apiv2][status] GET https://firebaseextensions.googleapis.com/v1beta/projects/restaurant-portal-6b147/instances 200
[debug] [2026-01-03T15:18:53.378Z] <<< [apiv2][body] GET https://firebaseextensions.googleapis.com/v1beta/projects/restaurant-portal-6b147/instances {}
[info] i  functions: Loaded environment variables from .env. 
[info] i  functions: preparing functions directory for uploading... 
[info] i  functions: packaged /Users/sanjeevbhatta/Documents/GitHub/restaurant-wizard/functions (124.69 KB) for uploading 
[debug] [2026-01-03T15:18:53.512Z] Checked if tokens are valid: true, expires at: 1767457123947
[debug] [2026-01-03T15:18:53.512Z] Checked if tokens are valid: true, expires at: 1767457123947
[debug] [2026-01-03T15:18:53.513Z] >>> [apiv2][query] GET https://cloudfunctions.googleapis.com/v1/projects/restaurant-portal-6b147/locations/-/functions [none]
[debug] [2026-01-03T15:18:54.193Z] <<< [apiv2][status] GET https://cloudfunctions.googleapis.com/v1/projects/restaurant-portal-6b147/locations/-/functions 200
[debug] [2026-01-03T15:18:54.194Z] <<< [apiv2][body] GET https://cloudfunctions.googleapis.com/v1/projects/restaurant-portal-6b147/locations/-/functions {}
[debug] [2026-01-03T15:18:54.194Z] Checked if tokens are valid: true, expires at: 1767457123947
[debug] [2026-01-03T15:18:54.195Z] Checked if tokens are valid: true, expires at: 1767457123947
[debug] [2026-01-03T15:18:54.195Z] >>> [apiv2][query] GET https://cloudfunctions.googleapis.com/v2/projects/restaurant-portal-6b147/locations/-/functions filter=environment%3D%22GEN_2%22
[debug] [2026-01-03T15:18:54.684Z] <<< [apiv2][status] GET https://cloudfunctions.googleapis.com/v2/projects/restaurant-portal-6b147/locations/-/functions 200
[debug] [2026-01-03T15:18:54.685Z] <<< [apiv2][body] GET https://cloudfunctions.googleapis.com/v2/projects/restaurant-portal-6b147/locations/-/functions {"functions":[{"name":"projects/restaurant-portal-6b147/locations/us-central1/functions/updateWebsite","buildConfig":{"build":"projects/767096499289/locations/us-central1/builds/087e3779-e380-4158-a7fc-2c4805a65a26","runtime":"nodejs20","entryPoint":"updateWebsite","source":{"storageSource":{"bucket":"gcf-v2-sources-767096499289-us-central1","object":"updateWebsite/function-source.zip","generation":"1767420522582491"}},"environmentVariables":{"GOOGLE_NODE_RUN_SCRIPTS":""},"dockerRepository":"projects/restaurant-portal-6b147/locations/us-central1/repositories/gcf-artifacts","sourceProvenance":{"resolvedStorageSource":{"bucket":"gcf-v2-sources-767096499289-us-central1","object":"updateWebsite/function-source.zip","generation":"1767420522582491"}},"dockerRegistry":"ARTIFACT_REGISTRY","serviceAccount":"projects/restaurant-portal-6b147/serviceAccounts/767096499289-compute@developer.gserviceaccount.com","automaticUpdatePolicy":{}},"serviceConfig":{"service":"projects/restaurant-portal-6b147/locations/us-central1/services/updatewebsite","timeoutSeconds":60,"environmentVariables":{"GEMINI_API_KEY":"AIzaSyCc3XmZesCox7aodXN23zv3HDrhCwJFZ0A","FIREBASE_CONFIG":"{\"projectId\":\"restaurant-portal-6b147\",\"storageBucket\":\"restaurant-portal-6b147.firebasestorage.app\"}","GCLOUD_PROJECT":"restaurant-portal-6b147","EVENTARC_CLOUD_EVENT_SOURCE":"projects/restaurant-portal-6b147/locations/us-central1/services/updateWebsite","FUNCTION_TARGET":"updateWebsite","LOG_EXECUTION_ID":"true","FUNCTION_SIGNATURE_TYPE":"http"},"maxInstanceCount":3,"ingressSettings":"ALLOW_ALL","uri":"https://updatewebsite-jegrsn3m2a-uc.a.run.app","serviceAccountEmail":"767096499289-compute@developer.gserviceaccount.com","availableMemory":"256Mi","allTrafficOnLatestRevision":true,"revision":"updatewebsite-00009-zet","maxInstanceRequestConcurrency":80,"availableCpu":"1"},"state":"ACTIVE","updateTime":"2026-01-03T06:08:50.629142633Z","labels":{"deployment-callable":"true","firebase-functions-hash":"c81b7b34e5ca111d00db206599fffce471fceb07","deployment-tool":"cli-firebase"},"environment":"GEN_2","url":"https://us-central1-restaurant-portal-6b147.cloudfunctions.net/updateWebsite","createTime":"2026-01-01T06:52:29.894592359Z","satisfiesPzi":true},{"name":"projects/restaurant-portal-6b147/locations/us-central1/functions/processSocialMediaPost","buildConfig":{"build":"projects/767096499289/locations/us-central1/builds/087e3779-e380-4158-a7fc-2c4805a65a26","runtime":"nodejs20","entryPoint":"processSocialMediaPost","source":{"storageSource":{"bucket":"gcf-v2-sources-767096499289-us-central1","object":"processSocialMediaPost/function-source.zip","generation":"1767420522474213"}},"environmentVariables":{"GOOGLE_NODE_RUN_SCRIPTS":""},"dockerRepository":"projects/restaurant-portal-6b147/locations/us-central1/repositories/gcf-artifacts","sourceProvenance":{"resolvedStorageSource":{"bucket":"gcf-v2-sources-767096499289-us-central1","object":"processSocialMediaPost/function-source.zip","generation":"1767420522474213"}},"dockerRegistry":"ARTIFACT_REGISTRY","serviceAccount":"projects/restaurant-portal-6b147/serviceAccounts/767096499289-compute@developer.gserviceaccount.com","automaticUpdatePolicy":{}},"serviceConfig":{"service":"projects/restaurant-portal-6b147/locations/us-central1/services/processsocialmediapost","timeoutSeconds":60,"environmentVariables":{"GEMINI_API_KEY":"AIzaSyCc3XmZesCox7aodXN23zv3HDrhCwJFZ0A","FIREBASE_CONFIG":"{\"projectId\":\"restaurant-portal-6b147\",\"storageBucket\":\"restaurant-portal-6b147.firebasestorage.app\"}","GCLOUD_PROJECT":"restaurant-portal-6b147","EVENTARC_CLOUD_EVENT_SOURCE":"projects/restaurant-portal-6b147/locations/us-central1/services/processSocialMediaPost","FUNCTION_SIGNATURE_TYPE":"cloudevent","FUNCTION_TARGET":"processSocialMediaPost","LOG_EXECUTION_ID":"true"},"maxInstanceCount":3,"ingressSettings":"ALLOW_ALL","uri":"https://processsocialmediapost-jegrsn3m2a-uc.a.run.app","serviceAccountEmail":"767096499289-compute@developer.gserviceaccount.com","availableMemory":"256Mi","allTrafficOnLatestRevision":true,"revision":"processsocialmediapost-00007-baw","maxInstanceRequestConcurrency":80,"availableCpu":"1"},"eventTrigger":{"trigger":"projects/restaurant-portal-6b147/locations/us-west1/triggers/processsocialmediapost-341332","triggerRegion":"us-west1","eventType":"google.cloud.firestore.document.v1.created","eventFilters":[{"attribute":"database","value":"(default)"},{"attribute":"namespace","value":"(default)"},{"attribute":"document","value":"socialMediaPosts/{postId}","operator":"match-path-pattern"}],"pubsubTopic":"projects/restaurant-portal-6b147/topics/eventarc-us-west1-processsocialmediapost-341332-984","serviceAccountEmail":"767096499289-compute@developer.gserviceaccount.com","retryPolicy":"RETRY_POLICY_DO_NOT_RETRY"},"state":"ACTIVE","updateTime":"2026-01-03T06:08:54.267442145Z","labels":{"deployment-tool":"cli-firebase","firebase-functions-hash":"c81b7b34e5ca111d00db206599fffce471fceb07"},"environment":"GEN_2","url":"https://us-central1-restaurant-portal-6b147.cloudfunctions.net/processSocialMediaPost","createTime":"2026-01-02T05:43:42.090320821Z","satisfiesPzi":true},{"name":"projects/restaurant-portal-6b147/locations/us-central1/functions/publishWebsite","buildConfig":{"build":"projects/767096499289/locations/us-central1/builds/087e3779-e380-4158-a7fc-2c4805a65a26","runtime":"nodejs20","entryPoint":"publishWebsite","source":{"storageSource":{"bucket":"gcf-v2-sources-767096499289-us-central1","object":"publishWebsite/function-source.zip","generation":"1767420522221972"}},"environmentVariables":{"GOOGLE_NODE_RUN_SCRIPTS":""},"dockerRepository":"projects/restaurant-portal-6b147/locations/us-central1/repositories/gcf-artifacts","sourceProvenance":{"resolvedStorageSource":{"bucket":"gcf-v2-sources-767096499289-us-central1","object":"publishWebsite/function-source.zip","generation":"1767420522221972"}},"dockerRegistry":"ARTIFACT_REGISTRY","serviceAccount":"projects/restaurant-portal-6b147/serviceAccounts/767096499289-compute@developer.gserviceaccount.com","automaticUpdatePolicy":{}},"serviceConfig":{"service":"projects/restaurant-portal-6b147/locations/us-central1/services/publishwebsite","timeoutSeconds":60,"environmentVariables":{"GEMINI_API_KEY":"AIzaSyCc3XmZesCox7aodXN23zv3HDrhCwJFZ0A","FIREBASE_CONFIG":"{\"projectId\":\"restaurant-portal-6b147\",\"storageBucket\":\"restaurant-portal-6b147.firebasestorage.app\"}","GCLOUD_PROJECT":"restaurant-portal-6b147","EVENTARC_CLOUD_EVENT_SOURCE":"projects/restaurant-portal-6b147/locations/us-central1/services/publishWebsite","FUNCTION_TARGET":"publishWebsite","LOG_EXECUTION_ID":"true","FUNCTION_SIGNATURE_TYPE":"http"},"maxInstanceCount":3,"ingressSettings":"ALLOW_ALL","uri":"https://publishwebsite-jegrsn3m2a-uc.a.run.app","serviceAccountEmail":"767096499289-compute@developer.gserviceaccount.com","availableMemory":"256Mi","allTrafficOnLatestRevision":true,"revision":"publishwebsite-00010-juj","maxInstanceRequestConcurrency":80,"availableCpu":"1"},"state":"ACTIVE","updateTime":"2026-01-03T06:08:54.411198310Z","labels":{"firebase-functions-hash":"c81b7b34e5ca111d00db206599fffce471fceb07","deployment-tool":"cli-firebase","deployment-callable":"true"},"environment":"GEN_2","url":"https://us-central1-restaurant-portal-6b147.cloudfunctions.net/publishWebsite","createTime":"2026-01-01T06:52:29.894583876Z","satisfiesPzi":true},{"name":"projects/restaurant-portal-6b147/locations/us-central1/functions/serveWebsite","buildConfig":{"build":"projects/767096499289/locations/us-central1/builds/c4724833-eddf-4687-89b7-64f8010d4932","runtime":"nodejs20","entryPoint":"serveWebsite","source":{"storageSource":{"bucket":"gcf-v2-sources-767096499289-us-central1","object":"serveWebsite/function-source.zip","generation":"1767421005004984"}},"environmentVariables":{"GOOGLE_NODE_RUN_SCRIPTS":""},"dockerRepository":"projects/restaurant-portal-6b147/locations/us-central1/repositories/gcf-artifacts","sourceProvenance":{"resolvedStorageSource":{"bucket":"gcf-v2-sources-767096499289-us-central1","object":"serveWebsite/function-source.zip","generation":"1767421005004984"}},"dockerRegistry":"ARTIFACT_REGISTRY","serviceAccount":"projects/restaurant-portal-6b147/serviceAccounts/767096499289-compute@developer.gserviceaccount.com","automaticUpdatePolicy":{}},"serviceConfig":{"service":"projects/restaurant-portal-6b147/locations/us-central1/services/servewebsite","timeoutSeconds":60,"environmentVariables":{"GEMINI_API_KEY":"AIzaSyCc3XmZesCox7aodXN23zv3HDrhCwJFZ0A","FIREBASE_CONFIG":"{\"projectId\":\"restaurant-portal-6b147\",\"storageBucket\":\"restaurant-portal-6b147.firebasestorage.app\"}","GCLOUD_PROJECT":"restaurant-portal-6b147","EVENTARC_CLOUD_EVENT_SOURCE":"projects/restaurant-portal-6b147/locations/us-central1/services/serveWebsite","FUNCTION_TARGET":"serveWebsite","LOG_EXECUTION_ID":"true"},"maxInstanceCount":3,"ingressSettings":"ALLOW_ALL","uri":"https://servewebsite-jegrsn3m2a-uc.a.run.app","serviceAccountEmail":"767096499289-compute@developer.gserviceaccount.com","availableMemory":"256Mi","allTrafficOnLatestRevision":true,"revision":"servewebsite-00043-nug","maxInstanceRequestConcurrency":80,"availableCpu":"1"},"state":"ACTIVE","updateTime":"2026-01-03T06:17:37.260502374Z","labels":{"deployment-tool":"cli-firebase","firebase-functions-hash":"a638dc8a4cdbf244e09bd1c22ed809dc02adb607"},"environment":"GEN_2","url":"https://us-central1-restaurant-portal-6b147.cloudfunctions.net/serveWebsite","createTime":"2026-01-01T06:52:29.967514711Z","satisfiesPzi":true},{"name":"projects/restaurant-portal-6b147/locations/us-central1/functions/lookupEmailByUsername","buildConfig":{"build":"projects/767096499289/locations/us-central1/builds/087e3779-e380-4158-a7fc-2c4805a65a26","runtime":"nodejs20","entryPoint":"lookupEmailByUsername","source":{"storageSource":{"bucket":"gcf-v2-sources-767096499289-us-central1","object":"lookupEmailByUsername/function-source.zip","generation":"1767420474453625"}},"environmentVariables":{"GOOGLE_NODE_RUN_SCRIPTS":""},"dockerRepository":"projects/restaurant-portal-6b147/locations/us-central1/repositories/gcf-artifacts","sourceProvenance":{"resolvedStorageSource":{"bucket":"gcf-v2-sources-767096499289-us-central1","object":"lookupEmailByUsername/function-source.zip","generation":"1767420474453625"}},"dockerRegistry":"ARTIFACT_REGISTRY","serviceAccount":"projects/restaurant-portal-6b147/serviceAccounts/767096499289-compute@developer.gserviceaccount.com","automaticUpdatePolicy":{}},"serviceConfig":{"service":"projects/restaurant-portal-6b147/locations/us-central1/services/lookupemailbyusername","timeoutSeconds":60,"environmentVariables":{"GEMINI_API_KEY":"AIzaSyCc3XmZesCox7aodXN23zv3HDrhCwJFZ0A","FIREBASE_CONFIG":"{\"projectId\":\"restaurant-portal-6b147\",\"storageBucket\":\"restaurant-portal-6b147.firebasestorage.app\"}","GCLOUD_PROJECT":"restaurant-portal-6b147","EVENTARC_CLOUD_EVENT_SOURCE":"projects/restaurant-portal-6b147/locations/us-central1/services/lookupEmailByUsername","FUNCTION_TARGET":"lookupEmailByUsername","LOG_EXECUTION_ID":"true"},"maxInstanceCount":3,"ingressSettings":"ALLOW_ALL","uri":"https://lookupemailbyusername-jegrsn3m2a-uc.a.run.app","serviceAccountEmail":"767096499289-compute@developer.gserviceaccount.com","availableMemory":"256Mi","allTrafficOnLatestRevision":true,"revision":"lookupemailbyusername-00009-das","maxInstanceRequestConcurrency":80,"availableCpu":"1"},"state":"ACTIVE","updateTime":"2026-01-03T06:08:55.075481895Z","labels":{"deployment-tool":"cli-firebase","firebase-functions-hash":"c81b7b34e5ca111d00db206599fffce471fceb07"},"environment":"GEN_2","url":"https://us-central1-restaurant-portal-6b147.cloudfunctions.net/lookupEmailByUsername","createTime":"2026-01-01T06:51:22.383799932Z","satisfiesPzi":true},{"name":"projects/restaurant-portal-6b147/locations/us-central1/functions/getAIAnalytics","buildConfig":{"build":"projects/767096499289/locations/us-central1/builds/087e3779-e380-4158-a7fc-2c4805a65a26","runtime":"nodejs20","entryPoint":"getAIAnalytics","source":{"storageSource":{"bucket":"gcf-v2-sources-767096499289-us-central1","object":"getAIAnalytics/function-source.zip","generation":"1767420522466387"}},"environmentVariables":{"GOOGLE_NODE_RUN_SCRIPTS":""},"dockerRepository":"projects/restaurant-portal-6b147/locations/us-central1/repositories/gcf-artifacts","sourceProvenance":{"resolvedStorageSource":{"bucket":"gcf-v2-sources-767096499289-us-central1","object":"getAIAnalytics/function-source.zip","generation":"1767420522466387"}},"dockerRegistry":"ARTIFACT_REGISTRY","serviceAccount":"projects/restaurant-portal-6b147/serviceAccounts/767096499289-compute@developer.gserviceaccount.com","automaticUpdatePolicy":{}},"serviceConfig":{"service":"projects/restaurant-portal-6b147/locations/us-central1/services/getaianalytics","timeoutSeconds":60,"environmentVariables":{"GEMINI_API_KEY":"AIzaSyCc3XmZesCox7aodXN23zv3HDrhCwJFZ0A","FIREBASE_CONFIG":"{\"projectId\":\"restaurant-portal-6b147\",\"storageBucket\":\"restaurant-portal-6b147.firebasestorage.app\"}","GCLOUD_PROJECT":"restaurant-portal-6b147","EVENTARC_CLOUD_EVENT_SOURCE":"projects/restaurant-portal-6b147/locations/us-central1/services/getAIAnalytics","FUNCTION_TARGET":"getAIAnalytics","LOG_EXECUTION_ID":"true","FUNCTION_SIGNATURE_TYPE":"http"},"maxInstanceCount":3,"ingressSettings":"ALLOW_ALL","uri":"https://getaianalytics-jegrsn3m2a-uc.a.run.app","serviceAccountEmail":"767096499289-compute@developer.gserviceaccount.com","availableMemory":"256Mi","allTrafficOnLatestRevision":true,"revision":"getaianalytics-00012-qil","maxInstanceRequestConcurrency":80,"availableCpu":"1"},"state":"ACTIVE","updateTime":"2026-01-03T06:08:54.347825416Z","labels":{"firebase-functions-hash":"c81b7b34e5ca111d00db206599fffce471fceb07","deployment-tool":"cli-firebase","deployment-callable":"true"},"environment":"GEN_2","url":"https://us-central1-restaurant-portal-6b147.cloudfunctions.net/getAIAnalytics","createTime":"2026-01-01T21:30:56.301350197Z","satisfiesPzi":true},{"name":"projects/restaurant-portal-6b147/locations/us-central1/functions/parseMenuImage","buildConfig":{"build":"projects/767096499289/locations/us-central1/builds/087e3779-e380-4158-a7fc-2c4805a65a26","runtime":"nodejs20","entryPoint":"parseMenuImage","source":{"storageSource":{"bucket":"gcf-v2-sources-767096499289-us-central1","object":"parseMenuImage/function-source.zip","generation":"1767420522303477"}},"environmentVariables":{"GOOGLE_NODE_RUN_SCRIPTS":""},"dockerRepository":"projects/restaurant-portal-6b147/locations/us-central1/repositories/gcf-artifacts","sourceProvenance":{"resolvedStorageSource":{"bucket":"gcf-v2-sources-767096499289-us-central1","object":"parseMenuImage/function-source.zip","generation":"1767420522303477"}},"dockerRegistry":"ARTIFACT_REGISTRY","serviceAccount":"projects/restaurant-portal-6b147/serviceAccounts/767096499289-compute@developer.gserviceaccount.com","automaticUpdatePolicy":{}},"serviceConfig":{"service":"projects/restaurant-portal-6b147/locations/us-central1/services/parsemenuimage","timeoutSeconds":60,"environmentVariables":{"GEMINI_API_KEY":"AIzaSyCc3XmZesCox7aodXN23zv3HDrhCwJFZ0A","FIREBASE_CONFIG":"{\"projectId\":\"restaurant-portal-6b147\",\"storageBucket\":\"restaurant-portal-6b147.firebasestorage.app\"}","GCLOUD_PROJECT":"restaurant-portal-6b147","EVENTARC_CLOUD_EVENT_SOURCE":"projects/restaurant-portal-6b147/locations/us-central1/services/parseMenuImage","FUNCTION_TARGET":"parseMenuImage","LOG_EXECUTION_ID":"true","FUNCTION_SIGNATURE_TYPE":"http"},"maxInstanceCount":3,"ingressSettings":"ALLOW_ALL","uri":"https://parsemenuimage-jegrsn3m2a-uc.a.run.app","serviceAccountEmail":"767096499289-compute@developer.gserviceaccount.com","availableMemory":"256Mi","allTrafficOnLatestRevision":true,"revision":"parsemenuimage-00011-zis","maxInstanceRequestConcurrency":80,"availableCpu":"1"},"state":"ACTIVE","updateTime":"2026-01-03T06:08:53.939226494Z","labels":{"deployment-tool":"cli-firebase","deployment-callable":"true","firebase-functions-hash":"c81b7b34e5ca111d00db206599fffce471fceb07"},"environment":"GEN_2","url":"https://us-central1-restaurant-portal-6b147.cloudfunctions.net/parseMenuImage","createTime":"2026-01-01T20:56:22.249421981Z","satisfiesPzi":true},{"name":"projects/restaurant-portal-6b147/locations/us-central1/functions/getSeoRecommendations","buildConfig":{"build":"projects/767096499289/locations/us-central1/builds/087e3779-e380-4158-a7fc-2c4805a65a26","runtime":"nodejs20","entryPoint":"getSeoRecommendations","source":{"storageSource":{"bucket":"gcf-v2-sources-767096499289-us-central1","object":"getSeoRecommendations/function-source.zip","generation":"1767420522356964"}},"environmentVariables":{"GOOGLE_NODE_RUN_SCRIPTS":""},"dockerRepository":"projects/restaurant-portal-6b147/locations/us-central1/repositories/gcf-artifacts","sourceProvenance":{"resolvedStorageSource":{"bucket":"gcf-v2-sources-767096499289-us-central1","object":"getSeoRecommendations/function-source.zip","generation":"1767420522356964"}},"dockerRegistry":"ARTIFACT_REGISTRY","serviceAccount":"projects/restaurant-portal-6b147/serviceAccounts/767096499289-compute@developer.gserviceaccount.com","automaticUpdatePolicy":{}},"serviceConfig":{"service":"projects/restaurant-portal-6b147/locations/us-central1/services/getseorecommendations","timeoutSeconds":60,"environmentVariables":{"GEMINI_API_KEY":"AIzaSyCc3XmZesCox7aodXN23zv3HDrhCwJFZ0A","FIREBASE_CONFIG":"{\"projectId\":\"restaurant-portal-6b147\",\"storageBucket\":\"restaurant-portal-6b147.firebasestorage.app\"}","GCLOUD_PROJECT":"restaurant-portal-6b147","EVENTARC_CLOUD_EVENT_SOURCE":"projects/restaurant-portal-6b147/locations/us-central1/services/getSeoRecommendations","FUNCTION_TARGET":"getSeoRecommendations","LOG_EXECUTION_ID":"true","FUNCTION_SIGNATURE_TYPE":"http"},"maxInstanceCount":3,"ingressSettings":"ALLOW_ALL","uri":"https://getseorecommendations-jegrsn3m2a-uc.a.run.app","serviceAccountEmail":"767096499289-compute@developer.gserviceaccount.com","availableMemory":"256Mi","allTrafficOnLatestRevision":true,"revision":"getseorecommendations-00017-wok","maxInstanceRequestConcurrency":80,"availableCpu":"1"},"state":"ACTIVE","updateTime":"2026-01-03T06:08:52.178597723Z","labels":{"deployment-tool":"cli-firebase","deployment-callable":"true","firebase-functions-hash":"c81b7b34e5ca111d00db206599fffce471fceb07"},"environment":"GEN_2","url":"https://us-central1-restaurant-portal-6b147.cloudfunctions.net/getSeoRecommendations","createTime":"2026-01-01T19:41:07.330232264Z","satisfiesPzi":true},{"name":"projects/restaurant-portal-6b147/locations/us-central1/functions/generateHashtags","buildConfig":{"build":"projects/767096499289/locations/us-central1/builds/087e3779-e380-4158-a7fc-2c4805a65a26","runtime":"nodejs20","entryPoint":"generateHashtags","source":{"storageSource":{"bucket":"gcf-v2-sources-767096499289-us-central1","object":"generateHashtags/function-source.zip","generation":"1767420522619498"}},"environmentVariables":{"GOOGLE_NODE_RUN_SCRIPTS":""},"dockerRepository":"projects/restaurant-portal-6b147/locations/us-central1/repositories/gcf-artifacts","sourceProvenance":{"resolvedStorageSource":{"bucket":"gcf-v2-sources-767096499289-us-central1","object":"generateHashtags/function-source.zip","generation":"1767420522619498"}},"dockerRegistry":"ARTIFACT_REGISTRY","serviceAccount":"projects/restaurant-portal-6b147/serviceAccounts/767096499289-compute@developer.gserviceaccount.com","automaticUpdatePolicy":{}},"serviceConfig":{"service":"projects/restaurant-portal-6b147/locations/us-central1/services/generatehashtags","timeoutSeconds":60,"environmentVariables":{"GEMINI_API_KEY":"AIzaSyCc3XmZesCox7aodXN23zv3HDrhCwJFZ0A","FIREBASE_CONFIG":"{\"projectId\":\"restaurant-portal-6b147\",\"storageBucket\":\"restaurant-portal-6b147.firebasestorage.app\"}","GCLOUD_PROJECT":"restaurant-portal-6b147","EVENTARC_CLOUD_EVENT_SOURCE":"projects/restaurant-portal-6b147/locations/us-central1/services/generateHashtags","FUNCTION_TARGET":"generateHashtags","LOG_EXECUTION_ID":"true","FUNCTION_SIGNATURE_TYPE":"http"},"maxInstanceCount":3,"ingressSettings":"ALLOW_ALL","uri":"https://generatehashtags-jegrsn3m2a-uc.a.run.app","serviceAccountEmail":"767096499289-compute@developer.gserviceaccount.com","availableMemory":"256Mi","allTrafficOnLatestRevision":true,"revision":"generatehashtags-00014-muh","maxInstanceRequestConcurrency":80,"availableCpu":"1"},"state":"ACTIVE","updateTime":"2026-01-03T06:08:54.819483044Z","labels":{"deployment-tool":"cli-firebase","deployment-callable":"true","firebase-functions-hash":"c81b7b34e5ca111d00db206599fffce471fceb07"},"environment":"GEN_2","url":"https://us-central1-restaurant-portal-6b147.cloudfunctions.net/generateHashtags","createTime":"2026-01-01T19:41:07.276701126Z","satisfiesPzi":true},{"name":"projects/restaurant-portal-6b147/locations/us-central1/functions/confirmStripePayment","buildConfig":{"build":"projects/767096499289/locations/us-central1/builds/087e3779-e380-4158-a7fc-2c4805a65a26","runtime":"nodejs20","entryPoint":"confirmStripePayment","source":{"storageSource":{"bucket":"gcf-v2-sources-767096499289-us-central1","object":"confirmStripePayment/function-source.zip","generation":"1767420522219323"}},"environmentVariables":{"GOOGLE_NODE_RUN_SCRIPTS":""},"dockerRepository":"projects/restaurant-portal-6b147/locations/us-central1/repositories/gcf-artifacts","sourceProvenance":{"resolvedStorageSource":{"bucket":"gcf-v2-sources-767096499289-us-central1","object":"confirmStripePayment/function-source.zip","generation":"1767420522219323"}},"dockerRegistry":"ARTIFACT_REGISTRY","serviceAccount":"projects/restaurant-portal-6b147/serviceAccounts/767096499289-compute@developer.gserviceaccount.com","automaticUpdatePolicy":{}},"serviceConfig":{"service":"projects/restaurant-portal-6b147/locations/us-central1/services/confirmstripepayment","timeoutSeconds":60,"environmentVariables":{"GEMINI_API_KEY":"AIzaSyCc3XmZesCox7aodXN23zv3HDrhCwJFZ0A","FIREBASE_CONFIG":"{\"projectId\":\"restaurant-portal-6b147\",\"storageBucket\":\"restaurant-portal-6b147.firebasestorage.app\"}","GCLOUD_PROJECT":"restaurant-portal-6b147","EVENTARC_CLOUD_EVENT_SOURCE":"projects/restaurant-portal-6b147/locations/us-central1/services/confirmStripePayment","FUNCTION_TARGET":"confirmStripePayment","LOG_EXECUTION_ID":"true","FUNCTION_SIGNATURE_TYPE":"http"},"maxInstanceCount":3,"ingressSettings":"ALLOW_ALL","uri":"https://confirmstripepayment-jegrsn3m2a-uc.a.run.app","serviceAccountEmail":"767096499289-compute@developer.gserviceaccount.com","availableMemory":"256Mi","allTrafficOnLatestRevision":true,"revision":"confirmstripepayment-00009-dov","maxInstanceRequestConcurrency":80,"availableCpu":"1"},"state":"ACTIVE","updateTime":"2026-01-03T06:08:50.763119722Z","labels":{"deployment-tool":"cli-firebase","deployment-callable":"true","firebase-functions-hash":"c81b7b34e5ca111d00db206599fffce471fceb07"},"environment":"GEN_2","url":"https://us-central1-restaurant-portal-6b147.cloudfunctions.net/confirmStripePayment","createTime":"2026-01-01T06:52:29.863240381Z","satisfiesPzi":true},{"name":"projects/restaurant-portal-6b147/locations/us-central1/functions/generateAIContent","buildConfig":{"build":"projects/767096499289/locations/us-central1/builds/087e3779-e380-4158-a7fc-2c4805a65a26","runtime":"nodejs20","entryPoint":"generateAIContent","source":{"storageSource":{"bucket":"gcf-v2-sources-767096499289-us-central1","object":"generateAIContent/function-source.zip","generation":"1767420522240815"}},"environmentVariables":{"GOOGLE_NODE_RUN_SCRIPTS":""},"dockerRepository":"projects/restaurant-portal-6b147/locations/us-central1/repositories/gcf-artifacts","sourceProvenance":{"resolvedStorageSource":{"bucket":"gcf-v2-sources-767096499289-us-central1","object":"generateAIContent/function-source.zip","generation":"1767420522240815"}},"dockerRegistry":"ARTIFACT_REGISTRY","serviceAccount":"projects/restaurant-portal-6b147/serviceAccounts/767096499289-compute@developer.gserviceaccount.com","automaticUpdatePolicy":{}},"serviceConfig":{"service":"projects/restaurant-portal-6b147/locations/us-central1/services/generateaicontent","timeoutSeconds":60,"environmentVariables":{"GEMINI_API_KEY":"AIzaSyCc3XmZesCox7aodXN23zv3HDrhCwJFZ0A","FIREBASE_CONFIG":"{\"projectId\":\"restaurant-portal-6b147\",\"storageBucket\":\"restaurant-portal-6b147.firebasestorage.app\"}","GCLOUD_PROJECT":"restaurant-portal-6b147","EVENTARC_CLOUD_EVENT_SOURCE":"projects/restaurant-portal-6b147/locations/us-central1/services/generateAIContent","FUNCTION_TARGET":"generateAIContent","LOG_EXECUTION_ID":"true","FUNCTION_SIGNATURE_TYPE":"http"},"maxInstanceCount":3,"ingressSettings":"ALLOW_ALL","uri":"https://generateaicontent-jegrsn3m2a-uc.a.run.app","serviceAccountEmail":"767096499289-compute@developer.gserviceaccount.com","availableMemory":"256Mi","allTrafficOnLatestRevision":true,"revision":"generateaicontent-00014-bud","maxInstanceRequestConcurrency":80,"availableCpu":"1"},"state":"ACTIVE","updateTime":"2026-01-03T06:08:50.842966183Z","labels":{"deployment-tool":"cli-firebase","deployment-callable":"true","firebase-functions-hash":"c81b7b34e5ca111d00db206599fffce471fceb07"},"environment":"GEN_2","url":"https://us-central1-restaurant-portal-6b147.cloudfunctions.net/generateAIContent","createTime":"2026-01-01T19:39:59.418516817Z","satisfiesPzi":true},{"name":"projects/restaurant-portal-6b147/locations/us-central1/functions/processStripeRefund","buildConfig":{"build":"projects/767096499289/locations/us-central1/builds/087e3779-e380-4158-a7fc-2c4805a65a26","runtime":"nodejs20","entryPoint":"processStripeRefund","source":{"storageSource":{"bucket":"gcf-v2-sources-767096499289-us-central1","object":"processStripeRefund/function-source.zip","generation":"1767420522479767"}},"environmentVariables":{"GOOGLE_NODE_RUN_SCRIPTS":""},"dockerRepository":"projects/restaurant-portal-6b147/locations/us-central1/repositories/gcf-artifacts","sourceProvenance":{"resolvedStorageSource":{"bucket":"gcf-v2-sources-767096499289-us-central1","object":"processStripeRefund/function-source.zip","generation":"1767420522479767"}},"dockerRegistry":"ARTIFACT_REGISTRY","serviceAccount":"projects/restaurant-portal-6b147/serviceAccounts/767096499289-compute@developer.gserviceaccount.com","automaticUpdatePolicy":{}},"serviceConfig":{"service":"projects/restaurant-portal-6b147/locations/us-central1/services/processstriperefund","timeoutSeconds":60,"environmentVariables":{"GEMINI_API_KEY":"AIzaSyCc3XmZesCox7aodXN23zv3HDrhCwJFZ0A","FIREBASE_CONFIG":"{\"projectId\":\"restaurant-portal-6b147\",\"storageBucket\":\"restaurant-portal-6b147.firebasestorage.app\"}","GCLOUD_PROJECT":"restaurant-portal-6b147","EVENTARC_CLOUD_EVENT_SOURCE":"projects/restaurant-portal-6b147/locations/us-central1/services/processStripeRefund","FUNCTION_TARGET":"processStripeRefund","LOG_EXECUTION_ID":"true","FUNCTION_SIGNATURE_TYPE":"http"},"maxInstanceCount":3,"ingressSettings":"ALLOW_ALL","uri":"https://processstriperefund-jegrsn3m2a-uc.a.run.app","serviceAccountEmail":"767096499289-compute@developer.gserviceaccount.com","availableMemory":"256Mi","allTrafficOnLatestRevision":true,"revision":"processstriperefund-00010-mub","maxInstanceRequestConcurrency":80,"availableCpu":"1"},"state":"ACTIVE","updateTime":"2026-01-03T06:08:54.666764571Z","labels":{"firebase-functions-hash":"c81b7b34e5ca111d00db206599fffce471fceb07","deployment-tool":"cli-firebase","deployment-callable":"true"},"environment":"GEN_2","url":"https://us-central1-restaurant-portal-6b147.cloudfunctions.net/processStripeRefund","createTime":"2026-01-01T06:52:29.865794330Z","satisfiesPzi":true},{"name":"projects/restaurant-portal-6b147/locations/us-central1/functions/saveWebsiteConfig","buildConfig":{"build":"projects/767096499289/locations/us-central1/builds/087e3779-e380-4158-a7fc-2c4805a65a26","runtime":"nodejs20","entryPoint":"saveWebsiteConfig","source":{"storageSource":{"bucket":"gcf-v2-sources-767096499289-us-central1","object":"saveWebsiteConfig/function-source.zip","generation":"1767420522440408"}},"environmentVariables":{"GOOGLE_NODE_RUN_SCRIPTS":""},"dockerRepository":"projects/restaurant-portal-6b147/locations/us-central1/repositories/gcf-artifacts","sourceProvenance":{"resolvedStorageSource":{"bucket":"gcf-v2-sources-767096499289-us-central1","object":"saveWebsiteConfig/function-source.zip","generation":"1767420522440408"}},"dockerRegistry":"ARTIFACT_REGISTRY","serviceAccount":"projects/restaurant-portal-6b147/serviceAccounts/767096499289-compute@developer.gserviceaccount.com","automaticUpdatePolicy":{}},"serviceConfig":{"service":"projects/restaurant-portal-6b147/locations/us-central1/services/savewebsiteconfig","timeoutSeconds":60,"environmentVariables":{"GEMINI_API_KEY":"AIzaSyCc3XmZesCox7aodXN23zv3HDrhCwJFZ0A","FIREBASE_CONFIG":"{\"projectId\":\"restaurant-portal-6b147\",\"storageBucket\":\"restaurant-portal-6b147.firebasestorage.app\"}","GCLOUD_PROJECT":"restaurant-portal-6b147","EVENTARC_CLOUD_EVENT_SOURCE":"projects/restaurant-portal-6b147/locations/us-central1/services/saveWebsiteConfig","FUNCTION_TARGET":"saveWebsiteConfig","LOG_EXECUTION_ID":"true","FUNCTION_SIGNATURE_TYPE":"http"},"maxInstanceCount":3,"ingressSettings":"ALLOW_ALL","uri":"https://savewebsiteconfig-jegrsn3m2a-uc.a.run.app","serviceAccountEmail":"767096499289-compute@developer.gserviceaccount.com","availableMemory":"256Mi","allTrafficOnLatestRevision":true,"revision":"savewebsiteconfig-00010-nuw","maxInstanceRequestConcurrency":80,"availableCpu":"1"},"state":"ACTIVE","updateTime":"2026-01-03T06:08:52.306656032Z","labels":{"deployment-tool":"cli-firebase","deployment-callable":"true","firebase-functions-hash":"c81b7b34e5ca111d00db206599fffce471fceb07"},"environment":"GEN_2","url":"https://us-central1-restaurant-portal-6b147.cloudfunctions.net/saveWebsiteConfig","createTime":"2026-01-01T06:52:29.861908812Z","satisfiesPzi":true},{"name":"projects/restaurant-portal-6b147/locations/us-central1/functions/submitOrder","buildConfig":{"build":"projects/767096499289/locations/us-central1/builds/087e3779-e380-4158-a7fc-2c4805a65a26","runtime":"nodejs20","entryPoint":"submitOrder","source":{"storageSource":{"bucket":"gcf-v2-sources-767096499289-us-central1","object":"submitOrder/function-source.zip","generation":"1767420522427027"}},"environmentVariables":{"GOOGLE_NODE_RUN_SCRIPTS":""},"dockerRepository":"projects/restaurant-portal-6b147/locations/us-central1/repositories/gcf-artifacts","sourceProvenance":{"resolvedStorageSource":{"bucket":"gcf-v2-sources-767096499289-us-central1","object":"submitOrder/function-source.zip","generation":"1767420522427027"}},"dockerRegistry":"ARTIFACT_REGISTRY","serviceAccount":"projects/restaurant-portal-6b147/serviceAccounts/767096499289-compute@developer.gserviceaccount.com","automaticUpdatePolicy":{}},"serviceConfig":{"service":"projects/restaurant-portal-6b147/locations/us-central1/services/submitorder","timeoutSeconds":60,"environmentVariables":{"GEMINI_API_KEY":"AIzaSyCc3XmZesCox7aodXN23zv3HDrhCwJFZ0A","FIREBASE_CONFIG":"{\"projectId\":\"restaurant-portal-6b147\",\"storageBucket\":\"restaurant-portal-6b147.firebasestorage.app\"}","GCLOUD_PROJECT":"restaurant-portal-6b147","EVENTARC_CLOUD_EVENT_SOURCE":"projects/restaurant-portal-6b147/locations/us-central1/services/submitOrder","FUNCTION_TARGET":"submitOrder","LOG_EXECUTION_ID":"true","FUNCTION_SIGNATURE_TYPE":"http"},"maxInstanceCount":3,"ingressSettings":"ALLOW_ALL","uri":"https://submitorder-jegrsn3m2a-uc.a.run.app","serviceAccountEmail":"767096499289-compute@developer.gserviceaccount.com","availableMemory":"256Mi","allTrafficOnLatestRevision":true,"revision":"submitorder-00013-qoq","maxInstanceRequestConcurrency":80,"availableCpu":"1"},"state":"ACTIVE","updateTime":"2026-01-03T06:08:52.125762623Z","labels":{"deployment-tool":"cli-firebase","firebase-functions-hash":"c81b7b34e5ca111d00db206599fffce471fceb07"},"environment":"GEN_2","url":"https://us-central1-restaurant-portal-6b147.cloudfunctions.net/submitOrder","createTime":"2026-01-01T06:52:29.887517870Z","satisfiesPzi":true},{"name":"projects/restaurant-portal-6b147/locations/us-central1/functions/getStripeConfig","buildConfig":{"build":"projects/767096499289/locations/us-central1/builds/087e3779-e380-4158-a7fc-2c4805a65a26","runtime":"nodejs20","entryPoint":"getStripeConfig","source":{"storageSource":{"bucket":"gcf-v2-sources-767096499289-us-central1","object":"getStripeConfig/function-source.zip","generation":"1767420522288233"}},"environmentVariables":{"GOOGLE_NODE_RUN_SCRIPTS":""},"dockerRepository":"projects/restaurant-portal-6b147/locations/us-central1/repositories/gcf-artifacts","sourceProvenance":{"resolvedStorageSource":{"bucket":"gcf-v2-sources-767096499289-us-central1","object":"getStripeConfig/function-source.zip","generation":"1767420522288233"}},"dockerRegistry":"ARTIFACT_REGISTRY","serviceAccount":"projects/restaurant-portal-6b147/serviceAccounts/767096499289-compute@developer.gserviceaccount.com","automaticUpdatePolicy":{}},"serviceConfig":{"service":"projects/restaurant-portal-6b147/locations/us-central1/services/getstripeconfig","timeoutSeconds":60,"environmentVariables":{"GEMINI_API_KEY":"AIzaSyCc3XmZesCox7aodXN23zv3HDrhCwJFZ0A","FIREBASE_CONFIG":"{\"projectId\":\"restaurant-portal-6b147\",\"storageBucket\":\"restaurant-portal-6b147.firebasestorage.app\"}","GCLOUD_PROJECT":"restaurant-portal-6b147","EVENTARC_CLOUD_EVENT_SOURCE":"projects/restaurant-portal-6b147/locations/us-central1/services/getStripeConfig","FUNCTION_TARGET":"getStripeConfig","LOG_EXECUTION_ID":"true","FUNCTION_SIGNATURE_TYPE":"http"},"maxInstanceCount":3,"ingressSettings":"ALLOW_ALL","uri":"https://getstripeconfig-jegrsn3m2a-uc.a.run.app","serviceAccountEmail":"767096499289-compute@developer.gserviceaccount.com","availableMemory":"256Mi","allTrafficOnLatestRevision":true,"revision":"getstripeconfig-00009-yer","maxInstanceRequestConcurrency":80,"availableCpu":"1"},"state":"ACTIVE","updateTime":"2026-01-03T06:08:56.297891655Z","labels":{"firebase-functions-hash":"c81b7b34e5ca111d00db206599fffce471fceb07","deployment-tool":"cli-firebase","deployment-callable":"true"},"environment":"GEN_2","url":"https://us-central1-restaurant-portal-6b147.cloudfunctions.net/getStripeConfig","createTime":"2026-01-01T06:52:29.884402855Z","satisfiesPzi":true},{"name":"projects/restaurant-portal-6b147/locations/us-central1/functions/improveAIContent","buildConfig":{"build":"projects/767096499289/locations/us-central1/builds/087e3779-e380-4158-a7fc-2c4805a65a26","runtime":"nodejs20","entryPoint":"improveAIContent","source":{"storageSource":{"bucket":"gcf-v2-sources-767096499289-us-central1","object":"improveAIContent/function-source.zip","generation":"1767420522195138"}},"environmentVariables":{"GOOGLE_NODE_RUN_SCRIPTS":""},"dockerRepository":"projects/restaurant-portal-6b147/locations/us-central1/repositories/gcf-artifacts","sourceProvenance":{"resolvedStorageSource":{"bucket":"gcf-v2-sources-767096499289-us-central1","object":"improveAIContent/function-source.zip","generation":"1767420522195138"}},"dockerRegistry":"ARTIFACT_REGISTRY","serviceAccount":"projects/restaurant-portal-6b147/serviceAccounts/767096499289-compute@developer.gserviceaccount.com","automaticUpdatePolicy":{}},"serviceConfig":{"service":"projects/restaurant-portal-6b147/locations/us-central1/services/improveaicontent","timeoutSeconds":60,"environmentVariables":{"GEMINI_API_KEY":"AIzaSyCc3XmZesCox7aodXN23zv3HDrhCwJFZ0A","FIREBASE_CONFIG":"{\"projectId\":\"restaurant-portal-6b147\",\"storageBucket\":\"restaurant-portal-6b147.firebasestorage.app\"}","GCLOUD_PROJECT":"restaurant-portal-6b147","EVENTARC_CLOUD_EVENT_SOURCE":"projects/restaurant-portal-6b147/locations/us-central1/services/improveAIContent","FUNCTION_TARGET":"improveAIContent","LOG_EXECUTION_ID":"true","FUNCTION_SIGNATURE_TYPE":"http"},"maxInstanceCount":3,"ingressSettings":"ALLOW_ALL","uri":"https://improveaicontent-jegrsn3m2a-uc.a.run.app","serviceAccountEmail":"767096499289-compute@developer.gserviceaccount.com","availableMemory":"256Mi","allTrafficOnLatestRevision":true,"revision":"improveaicontent-00014-xam","maxInstanceRequestConcurrency":80,"availableCpu":"1"},"state":"ACTIVE","updateTime":"2026-01-03T06:08:54.548195062Z","labels":{"deployment-callable":"true","firebase-functions-hash":"c81b7b34e5ca111d00db206599fffce471fceb07","deployment-tool":"cli-firebase"},"environment":"GEN_2","url":"https://us-central1-restaurant-portal-6b147.cloudfunctions.net/improveAIContent","createTime":"2026-01-01T19:41:07.205186263Z","satisfiesPzi":true},{"name":"projects/restaurant-portal-6b147/locations/us-central1/functions/createPaymentIntent","buildConfig":{"build":"projects/767096499289/locations/us-central1/builds/087e3779-e380-4158-a7fc-2c4805a65a26","runtime":"nodejs20","entryPoint":"createPaymentIntent","source":{"storageSource":{"bucket":"gcf-v2-sources-767096499289-us-central1","object":"createPaymentIntent/function-source.zip","generation":"1767420522104637"}},"environmentVariables":{"GOOGLE_NODE_RUN_SCRIPTS":""},"dockerRepository":"projects/restaurant-portal-6b147/locations/us-central1/repositories/gcf-artifacts","serviceAccount":"projects/restaurant-portal-6b147/serviceAccounts/767096499289-compute@developer.gserviceaccount.com","automaticUpdatePolicy":{}},"serviceConfig":{"service":"projects/restaurant-portal-6b147/locations/us-central1/services/createpaymentintent","timeoutSeconds":60,"environmentVariables":{"GEMINI_API_KEY":"AIzaSyCc3XmZesCox7aodXN23zv3HDrhCwJFZ0A","FIREBASE_CONFIG":"{\"projectId\":\"restaurant-portal-6b147\",\"storageBucket\":\"restaurant-portal-6b147.firebasestorage.app\"}","GCLOUD_PROJECT":"restaurant-portal-6b147","EVENTARC_CLOUD_EVENT_SOURCE":"projects/restaurant-portal-6b147/locations/us-central1/services/createPaymentIntent","FUNCTION_TARGET":"createPaymentIntent","LOG_EXECUTION_ID":"true","FUNCTION_SIGNATURE_TYPE":"http"},"maxInstanceCount":3,"ingressSettings":"ALLOW_ALL","uri":"https://createpaymentintent-jegrsn3m2a-uc.a.run.app","serviceAccountEmail":"767096499289-compute@developer.gserviceaccount.com","availableMemory":"256Mi","allTrafficOnLatestRevision":true,"revision":"createpaymentintent-00009-tug","maxInstanceRequestConcurrency":80,"availableCpu":"1"},"state":"ACTIVE","updateTime":"2026-01-03T06:08:51.693976998Z","labels":{"deployment-tool":"cli-firebase","deployment-callable":"true","firebase-functions-hash":"c81b7b34e5ca111d00db206599fffce471fceb07"},"environment":"GEN_2","url":"https://us-central1-restaurant-portal-6b147.cloudfunctions.net/createPaymentIntent","createTime":"2026-01-01T06:52:29.859762412Z","satisfiesPzi":true},{"name":"projects/restaurant-portal-6b147/locations/us-central1/functions/getMenu","buildConfig":{"build":"projects/767096499289/locations/us-central1/builds/087e3779-e380-4158-a7fc-2c4805a65a26","runtime":"nodejs20","entryPoint":"getMenu","source":{"storageSource":{"bucket":"gcf-v2-sources-767096499289-us-central1","object":"getMenu/function-source.zip","generation":"1767420522323410"}},"environmentVariables":{"GOOGLE_NODE_RUN_SCRIPTS":""},"dockerRepository":"projects/restaurant-portal-6b147/locations/us-central1/repositories/gcf-artifacts","sourceProvenance":{"resolvedStorageSource":{"bucket":"gcf-v2-sources-767096499289-us-central1","object":"getMenu/function-source.zip","generation":"1767420522323410"}},"dockerRegistry":"ARTIFACT_REGISTRY","serviceAccount":"projects/restaurant-portal-6b147/serviceAccounts/767096499289-compute@developer.gserviceaccount.com","automaticUpdatePolicy":{}},"serviceConfig":{"service":"projects/restaurant-portal-6b147/locations/us-central1/services/getmenu","timeoutSeconds":60,"environmentVariables":{"GEMINI_API_KEY":"AIzaSyCc3XmZesCox7aodXN23zv3HDrhCwJFZ0A","FIREBASE_CONFIG":"{\"projectId\":\"restaurant-portal-6b147\",\"storageBucket\":\"restaurant-portal-6b147.firebasestorage.app\"}","GCLOUD_PROJECT":"restaurant-portal-6b147","EVENTARC_CLOUD_EVENT_SOURCE":"projects/restaurant-portal-6b147/locations/us-central1/services/getMenu","FUNCTION_TARGET":"getMenu","LOG_EXECUTION_ID":"true","FUNCTION_SIGNATURE_TYPE":"http"},"maxInstanceCount":3,"ingressSettings":"ALLOW_ALL","uri":"https://getmenu-jegrsn3m2a-uc.a.run.app","serviceAccountEmail":"767096499289-compute@developer.gserviceaccount.com","availableMemory":"256Mi","allTrafficOnLatestRevision":true,"revision":"getmenu-00012-huk","maxInstanceRequestConcurrency":80,"availableCpu":"1"},"state":"ACTIVE","updateTime":"2026-01-03T06:08:51.077397881Z","labels":{"firebase-functions-hash":"c81b7b34e5ca111d00db206599fffce471fceb07","deployment-tool":"cli-firebase"},"environment":"GEN_2","url":"https://us-central1-restaurant-portal-6b147.cloudfunctions.net/getMenu","createTime":"2026-01-01T06:52:29.856623954Z","satisfiesPzi":true},{"name":"projects/restaurant-portal-6b147/locations/us-central1/functions/createTierPayment","buildConfig":{"build":"projects/767096499289/locations/us-central1/builds/087e3779-e380-4158-a7fc-2c4805a65a26","runtime":"nodejs20","entryPoint":"createTierPayment","source":{"storageSource":{"bucket":"gcf-v2-sources-767096499289-us-central1","object":"createTierPayment/function-source.zip","generation":"1767420522105607"}},"environmentVariables":{"GOOGLE_NODE_RUN_SCRIPTS":""},"dockerRepository":"projects/restaurant-portal-6b147/locations/us-central1/repositories/gcf-artifacts","serviceAccount":"projects/restaurant-portal-6b147/serviceAccounts/767096499289-compute@developer.gserviceaccount.com","automaticUpdatePolicy":{}},"serviceConfig":{"service":"projects/restaurant-portal-6b147/locations/us-central1/services/createtierpayment","timeoutSeconds":60,"environmentVariables":{"GEMINI_API_KEY":"AIzaSyCc3XmZesCox7aodXN23zv3HDrhCwJFZ0A","FIREBASE_CONFIG":"{\"projectId\":\"restaurant-portal-6b147\",\"storageBucket\":\"restaurant-portal-6b147.firebasestorage.app\"}","GCLOUD_PROJECT":"restaurant-portal-6b147","EVENTARC_CLOUD_EVENT_SOURCE":"projects/restaurant-portal-6b147/locations/us-central1/services/createTierPayment","FUNCTION_TARGET":"createTierPayment","LOG_EXECUTION_ID":"true","FUNCTION_SIGNATURE_TYPE":"http"},"maxInstanceCount":3,"ingressSettings":"ALLOW_ALL","uri":"https://createtierpayment-jegrsn3m2a-uc.a.run.app","serviceAccountEmail":"767096499289-compute@developer.gserviceaccount.com","availableMemory":"256Mi","allTrafficOnLatestRevision":true,"revision":"createtierpayment-00007-jun","maxInstanceRequestConcurrency":80,"availableCpu":"1"},"state":"ACTIVE","updateTime":"2026-01-03T06:08:51.776897125Z","labels":{"firebase-functions-hash":"c81b7b34e5ca111d00db206599fffce471fceb07","deployment-tool":"cli-firebase","deployment-callable":"true"},"environment":"GEN_2","url":"https://us-central1-restaurant-portal-6b147.cloudfunctions.net/createTierPayment","createTime":"2026-01-02T05:42:32.888205947Z","satisfiesPzi":true},{"name":"projects/restaurant-portal-6b147/locations/us-central1/functions/getContentIdeas","buildConfig":{"build":"projects/767096499289/locations/us-central1/builds/087e3779-e380-4158-a7fc-2c4805a65a26","runtime":"nodejs20","entryPoint":"getContentIdeas","source":{"storageSource":{"bucket":"gcf-v2-sources-767096499289-us-central1","object":"getContentIdeas/function-source.zip","generation":"1767420522415616"}},"environmentVariables":{"GOOGLE_NODE_RUN_SCRIPTS":""},"dockerRepository":"projects/restaurant-portal-6b147/locations/us-central1/repositories/gcf-artifacts","sourceProvenance":{"resolvedStorageSource":{"bucket":"gcf-v2-sources-767096499289-us-central1","object":"getContentIdeas/function-source.zip","generation":"1767420522415616"}},"dockerRegistry":"ARTIFACT_REGISTRY","serviceAccount":"projects/restaurant-portal-6b147/serviceAccounts/767096499289-compute@developer.gserviceaccount.com","automaticUpdatePolicy":{}},"serviceConfig":{"service":"projects/restaurant-portal-6b147/locations/us-central1/services/getcontentideas","timeoutSeconds":60,"environmentVariables":{"GEMINI_API_KEY":"AIzaSyCc3XmZesCox7aodXN23zv3HDrhCwJFZ0A","FIREBASE_CONFIG":"{\"projectId\":\"restaurant-portal-6b147\",\"storageBucket\":\"restaurant-portal-6b147.firebasestorage.app\"}","GCLOUD_PROJECT":"restaurant-portal-6b147","EVENTARC_CLOUD_EVENT_SOURCE":"projects/restaurant-portal-6b147/locations/us-central1/services/getContentIdeas","FUNCTION_TARGET":"getContentIdeas","LOG_EXECUTION_ID":"true","FUNCTION_SIGNATURE_TYPE":"http"},"maxInstanceCount":3,"ingressSettings":"ALLOW_ALL","uri":"https://getcontentideas-jegrsn3m2a-uc.a.run.app","serviceAccountEmail":"767096499289-compute@developer.gserviceaccount.com","availableMemory":"256Mi","allTrafficOnLatestRevision":true,"revision":"getcontentideas-00014-wev","maxInstanceRequestConcurrency":80,"availableCpu":"1"},"state":"ACTIVE","updateTime":"2026-01-03T06:08:54.788553441Z","labels":{"deployment-tool":"cli-firebase","deployment-callable":"true","firebase-functions-hash":"c81b7b34e5ca111d00db206599fffce471fceb07"},"environment":"GEN_2","url":"https://us-central1-restaurant-portal-6b147.cloudfunctions.net/getContentIdeas","createTime":"2026-01-01T19:41:07.262851987Z","satisfiesPzi":true},{"name":"projects/restaurant-portal-6b147/locations/us-central1/functions/uploadTemplate","buildConfig":{"build":"projects/767096499289/locations/us-central1/builds/087e3779-e380-4158-a7fc-2c4805a65a26","runtime":"nodejs20","entryPoint":"uploadTemplate","source":{"storageSource":{"bucket":"gcf-v2-sources-767096499289-us-central1","object":"uploadTemplate/function-source.zip","generation":"1767420522180277"}},"environmentVariables":{"GOOGLE_NODE_RUN_SCRIPTS":""},"dockerRepository":"projects/restaurant-portal-6b147/locations/us-central1/repositories/gcf-artifacts","serviceAccount":"projects/restaurant-portal-6b147/serviceAccounts/767096499289-compute@developer.gserviceaccount.com","automaticUpdatePolicy":{}},"serviceConfig":{"service":"projects/restaurant-portal-6b147/locations/us-central1/services/uploadtemplate","timeoutSeconds":60,"environmentVariables":{"GEMINI_API_KEY":"AIzaSyCc3XmZesCox7aodXN23zv3HDrhCwJFZ0A","FIREBASE_CONFIG":"{\"projectId\":\"restaurant-portal-6b147\",\"storageBucket\":\"restaurant-portal-6b147.firebasestorage.app\"}","GCLOUD_PROJECT":"restaurant-portal-6b147","EVENTARC_CLOUD_EVENT_SOURCE":"projects/restaurant-portal-6b147/locations/us-central1/services/uploadTemplate","FUNCTION_TARGET":"uploadTemplate","LOG_EXECUTION_ID":"true","FUNCTION_SIGNATURE_TYPE":"http"},"maxInstanceCount":3,"ingressSettings":"ALLOW_ALL","uri":"https://uploadtemplate-jegrsn3m2a-uc.a.run.app","serviceAccountEmail":"767096499289-compute@developer.gserviceaccount.com","availableMemory":"256Mi","allTrafficOnLatestRevision":true,"revision":"uploadtemplate-00009-toz","maxInstanceRequestConcurrency":80,"availableCpu":"1"},"state":"ACTIVE","updateTime":"2026-01-03T06:08:51.762097948Z","labels":{"deployment-tool":"cli-firebase","deployment-callable":"true","firebase-functions-hash":"c81b7b34e5ca111d00db206599fffce471fceb07"},"environment":"GEN_2","url":"https://us-central1-restaurant-portal-6b147.cloudfunctions.net/uploadTemplate","createTime":"2026-01-01T06:52:29.874145950Z","satisfiesPzi":true}]}
[debug] [2026-01-03T15:18:54.691Z] Checked if tokens are valid: true, expires at: 1767457123947
[debug] [2026-01-03T15:18:54.691Z] Checked if tokens are valid: true, expires at: 1767457123947
[debug] [2026-01-03T15:18:54.691Z] >>> [apiv2][query] GET https://firestore.googleapis.com/v1/projects/restaurant-portal-6b147/databases/(default) [none]
[debug] [2026-01-03T15:18:55.191Z] <<< [apiv2][status] GET https://firestore.googleapis.com/v1/projects/restaurant-portal-6b147/databases/(default) 200
[debug] [2026-01-03T15:18:55.191Z] <<< [apiv2][body] GET https://firestore.googleapis.com/v1/projects/restaurant-portal-6b147/databases/(default) {"name":"projects/restaurant-portal-6b147/databases/(default)","uid":"33adab21-6cad-4d68-bfa2-c102ae87a503","createTime":"2025-03-18T02:16:51.302635Z","updateTime":"2025-03-18T02:16:51.302635Z","locationId":"us-west1","type":"FIRESTORE_NATIVE","concurrencyMode":"PESSIMISTIC","versionRetentionPeriod":"3600s","earliestVersionTime":"2026-01-03T14:18:55.363098Z","appEngineIntegrationMode":"DISABLED","keyPrefix":"zuw","pointInTimeRecoveryEnablement":"POINT_IN_TIME_RECOVERY_DISABLED","deleteProtectionState":"DELETE_PROTECTION_DISABLED","databaseEdition":"STANDARD","freeTier":true,"realtimeUpdatesMode":"REALTIME_UPDATES_MODE_ENABLED","etag":"IKq7h8HV75EDMN6hgsLdg5AD"}
[info] i  functions: ensuring required API run.googleapis.com is enabled... 
[debug] [2026-01-03T15:18:55.193Z] Checked if tokens are valid: true, expires at: 1767457123947
[debug] [2026-01-03T15:18:55.193Z] Checked if tokens are valid: true, expires at: 1767457123947
[info] i  functions: ensuring required API eventarc.googleapis.com is enabled... 
[debug] [2026-01-03T15:18:55.193Z] Checked if tokens are valid: true, expires at: 1767457123947
[debug] [2026-01-03T15:18:55.193Z] Checked if tokens are valid: true, expires at: 1767457123947
[info] i  functions: ensuring required API pubsub.googleapis.com is enabled... 
[debug] [2026-01-03T15:18:55.193Z] Checked if tokens are valid: true, expires at: 1767457123947
[debug] [2026-01-03T15:18:55.193Z] Checked if tokens are valid: true, expires at: 1767457123947
[info] i  functions: ensuring required API storage.googleapis.com is enabled... 
[debug] [2026-01-03T15:18:55.193Z] Checked if tokens are valid: true, expires at: 1767457123947
[debug] [2026-01-03T15:18:55.194Z] Checked if tokens are valid: true, expires at: 1767457123947
[debug] [2026-01-03T15:18:55.194Z] >>> [apiv2][query] GET https://serviceusage.googleapis.com/v1/projects/restaurant-portal-6b147/services/run.googleapis.com [none]
[debug] [2026-01-03T15:18:55.194Z] >>> [apiv2][(partial)header] GET https://serviceusage.googleapis.com/v1/projects/restaurant-portal-6b147/services/run.googleapis.com x-goog-quota-user=projects/restaurant-portal-6b147
[debug] [2026-01-03T15:18:55.194Z] >>> [apiv2][query] GET https://serviceusage.googleapis.com/v1/projects/restaurant-portal-6b147/services/eventarc.googleapis.com [none]
[debug] [2026-01-03T15:18:55.194Z] >>> [apiv2][(partial)header] GET https://serviceusage.googleapis.com/v1/projects/restaurant-portal-6b147/services/eventarc.googleapis.com x-goog-quota-user=projects/restaurant-portal-6b147
[debug] [2026-01-03T15:18:55.196Z] >>> [apiv2][query] GET https://serviceusage.googleapis.com/v1/projects/restaurant-portal-6b147/services/pubsub.googleapis.com [none]
[debug] [2026-01-03T15:18:55.196Z] >>> [apiv2][(partial)header] GET https://serviceusage.googleapis.com/v1/projects/restaurant-portal-6b147/services/pubsub.googleapis.com x-goog-quota-user=projects/restaurant-portal-6b147
[debug] [2026-01-03T15:18:55.197Z] >>> [apiv2][query] GET https://serviceusage.googleapis.com/v1/projects/restaurant-portal-6b147/services/storage.googleapis.com [none]
[debug] [2026-01-03T15:18:55.197Z] >>> [apiv2][(partial)header] GET https://serviceusage.googleapis.com/v1/projects/restaurant-portal-6b147/services/storage.googleapis.com x-goog-quota-user=projects/restaurant-portal-6b147
[debug] [2026-01-03T15:18:55.330Z] <<< [apiv2][status] GET https://serviceusage.googleapis.com/v1/projects/restaurant-portal-6b147/services/run.googleapis.com 200
[debug] [2026-01-03T15:18:55.331Z] <<< [apiv2][body] GET https://serviceusage.googleapis.com/v1/projects/restaurant-portal-6b147/services/run.googleapis.com [omitted]
[info] ✔  functions: required API run.googleapis.com is enabled 
[debug] [2026-01-03T15:18:55.445Z] <<< [apiv2][status] GET https://serviceusage.googleapis.com/v1/projects/restaurant-portal-6b147/services/eventarc.googleapis.com 200
[debug] [2026-01-03T15:18:55.445Z] <<< [apiv2][body] GET https://serviceusage.googleapis.com/v1/projects/restaurant-portal-6b147/services/eventarc.googleapis.com [omitted]
[info] ✔  functions: required API eventarc.googleapis.com is enabled 
[debug] [2026-01-03T15:18:55.446Z] <<< [apiv2][status] GET https://serviceusage.googleapis.com/v1/projects/restaurant-portal-6b147/services/pubsub.googleapis.com 200
[debug] [2026-01-03T15:18:55.447Z] <<< [apiv2][body] GET https://serviceusage.googleapis.com/v1/projects/restaurant-portal-6b147/services/pubsub.googleapis.com [omitted]
[info] ✔  functions: required API pubsub.googleapis.com is enabled 
[debug] [2026-01-03T15:18:55.449Z] <<< [apiv2][status] GET https://serviceusage.googleapis.com/v1/projects/restaurant-portal-6b147/services/storage.googleapis.com 200
[debug] [2026-01-03T15:18:55.450Z] <<< [apiv2][body] GET https://serviceusage.googleapis.com/v1/projects/restaurant-portal-6b147/services/storage.googleapis.com [omitted]
[info] ✔  functions: required API storage.googleapis.com is enabled 
[info] i  functions: generating the service identity for pubsub.googleapis.com... 
[debug] [2026-01-03T15:18:55.450Z] Checked if tokens are valid: true, expires at: 1767457123947
[debug] [2026-01-03T15:18:55.450Z] Checked if tokens are valid: true, expires at: 1767457123947
[info] i  functions: generating the service identity for eventarc.googleapis.com... 
[debug] [2026-01-03T15:18:55.451Z] Checked if tokens are valid: true, expires at: 1767457123947
[debug] [2026-01-03T15:18:55.451Z] Checked if tokens are valid: true, expires at: 1767457123947
[debug] [2026-01-03T15:18:55.452Z] >>> [apiv2][query] POST https://serviceusage.googleapis.com/v1beta1/projects/767096499289/services/pubsub.googleapis.com:generateServiceIdentity [none]
[debug] [2026-01-03T15:18:55.452Z] >>> [apiv2][query] POST https://serviceusage.googleapis.com/v1beta1/projects/767096499289/services/eventarc.googleapis.com:generateServiceIdentity [none]
[debug] [2026-01-03T15:18:55.634Z] <<< [apiv2][status] POST https://serviceusage.googleapis.com/v1beta1/projects/767096499289/services/eventarc.googleapis.com:generateServiceIdentity 200
[debug] [2026-01-03T15:18:55.634Z] <<< [apiv2][body] POST https://serviceusage.googleapis.com/v1beta1/projects/767096499289/services/eventarc.googleapis.com:generateServiceIdentity {"name":"operations/finished.DONE_OPERATION","done":true,"response":{"@type":"type.googleapis.com/google.api.serviceusage.v1beta1.ServiceIdentity","email":"service-767096499289@gcp-sa-eventarc.iam.gserviceaccount.com","uniqueId":"102704008108183917467"}}
[debug] [2026-01-03T15:18:55.732Z] <<< [apiv2][status] POST https://serviceusage.googleapis.com/v1beta1/projects/767096499289/services/pubsub.googleapis.com:generateServiceIdentity 200
[debug] [2026-01-03T15:18:55.732Z] <<< [apiv2][body] POST https://serviceusage.googleapis.com/v1beta1/projects/767096499289/services/pubsub.googleapis.com:generateServiceIdentity {"name":"operations/finished.DONE_OPERATION","done":true,"response":{"@type":"type.googleapis.com/google.api.serviceusage.v1beta1.ServiceIdentity","email":"service-767096499289@gcp-sa-pubsub.iam.gserviceaccount.com","uniqueId":"108292174599797779589"}}
[debug] [2026-01-03T15:18:55.734Z] Checked if tokens are valid: true, expires at: 1767457123947
[debug] [2026-01-03T15:18:55.734Z] Checked if tokens are valid: true, expires at: 1767457123947
[debug] [2026-01-03T15:18:55.734Z] >>> [apiv2][query] GET https://cloudresourcemanager.googleapis.com/v1/projects/restaurant-portal-6b147 [none]
[debug] [2026-01-03T15:18:55.802Z] <<< [apiv2][status] GET https://cloudresourcemanager.googleapis.com/v1/projects/restaurant-portal-6b147 200
[debug] [2026-01-03T15:18:55.802Z] <<< [apiv2][body] GET https://cloudresourcemanager.googleapis.com/v1/projects/restaurant-portal-6b147 {"projectNumber":"767096499289","projectId":"restaurant-portal-6b147","lifecycleState":"ACTIVE","name":"restaurant-portal","labels":{"firebase":"enabled","firebase-core":"disabled"},"createTime":"2025-03-16T22:51:46.428453Z"}
[debug] [2026-01-03T15:18:55.804Z] Checked if tokens are valid: true, expires at: 1767457123947
[debug] [2026-01-03T15:18:55.804Z] Checked if tokens are valid: true, expires at: 1767457123947
[debug] [2026-01-03T15:18:55.804Z] >>> [apiv2][query] GET https://cloudbilling.googleapis.com/v1/projects/restaurant-portal-6b147/billingInfo [none]
[debug] [2026-01-03T15:18:55.957Z] <<< [apiv2][status] GET https://cloudbilling.googleapis.com/v1/projects/restaurant-portal-6b147/billingInfo 200
[debug] [2026-01-03T15:18:55.957Z] <<< [apiv2][body] GET https://cloudbilling.googleapis.com/v1/projects/restaurant-portal-6b147/billingInfo {"name":"projects/restaurant-portal-6b147/billingInfo","projectId":"restaurant-portal-6b147","billingAccountName":"billingAccounts/01F536-D0A646-67B418","billingEnabled":true}
[debug] [2026-01-03T15:18:55.959Z] Checked if tokens are valid: true, expires at: 1767457123947
[debug] [2026-01-03T15:18:55.959Z] Checked if tokens are valid: true, expires at: 1767457123947
[debug] [2026-01-03T15:18:55.959Z] >>> [apiv2][query] POST https://cloudfunctions.googleapis.com/v2/projects/restaurant-portal-6b147/locations/us-central1/functions:generateUploadUrl [none]
[debug] [2026-01-03T15:18:56.144Z] <<< [apiv2][status] POST https://cloudfunctions.googleapis.com/v2/projects/restaurant-portal-6b147/locations/us-central1/functions:generateUploadUrl 200
[debug] [2026-01-03T15:18:56.144Z] <<< [apiv2][body] POST https://cloudfunctions.googleapis.com/v2/projects/restaurant-portal-6b147/locations/us-central1/functions:generateUploadUrl {"uploadUrl":"https://storage.googleapis.com/gcf-v2-uploads-767096499289.us-central1.cloudfunctions.appspot.com/60f6ec00-922a-414e-9858-00b83b751b83.zip?GoogleAccessId=service-767096499289@gcf-admin-robot.iam.gserviceaccount.com&Expires=1767455336&Signature=dwBssQJ4%2BclYubUw4zDIBludh%2F9X9yH37tHfwaps91Am4XcGcBoKkqm3Wki687hD%2FBg%2B3YDLdl6XbgKtYn6bvUfDZ6ZmmAHbLLFzFuOW76Rd61nknLuAhzcFB0G1el1swUiNHssY%2Fwhqe2T%2BPb8nuCt0k%2F3yYgLKvZ%2Fd%2F1fwPJbwWiLkIKayrGQ%2B27bFF5KskA9fCSIV0uAZdBfTE9RUQW5ZsgU0CyzzwtSsZ7iCsYY9d9MJDrmeNvBMEyD3gJCpiqcxoIL8mbaJSisJzzI5BfvcZ46snijrJ8CizLSu1ONoKvHFFKC2vknfWYBYSw0CXJKixY4dgK1khAawoo1ODg%3D%3D","storageSource":{"bucket":"gcf-v2-uploads-767096499289.us-central1.cloudfunctions.appspot.com","object":"60f6ec00-922a-414e-9858-00b83b751b83.zip"}}
[debug] [2026-01-03T15:18:56.145Z] >>> [apiv2][query] PUT https://storage.googleapis.com/gcf-v2-uploads-767096499289.us-central1.cloudfunctions.appspot.com/60f6ec00-922a-414e-9858-00b83b751b83.zip GoogleAccessId=service-767096499289%40gcf-admin-robot.iam.gserviceaccount.com&Expires=1767455336&Signature=dwBssQJ4%2BclYubUw4zDIBludh%2F9X9yH37tHfwaps91Am4XcGcBoKkqm3Wki687hD%2FBg%2B3YDLdl6XbgKtYn6bvUfDZ6ZmmAHbLLFzFuOW76Rd61nknLuAhzcFB0G1el1swUiNHssY%2Fwhqe2T%2BPb8nuCt0k%2F3yYgLKvZ%2Fd%2F1fwPJbwWiLkIKayrGQ%2B27bFF5KskA9fCSIV0uAZdBfTE9RUQW5ZsgU0CyzzwtSsZ7iCsYY9d9MJDrmeNvBMEyD3gJCpiqcxoIL8mbaJSisJzzI5BfvcZ46snijrJ8CizLSu1ONoKvHFFKC2vknfWYBYSw0CXJKixY4dgK1khAawoo1ODg%3D%3D
[debug] [2026-01-03T15:18:56.145Z] >>> [apiv2][body] PUT https://storage.googleapis.com/gcf-v2-uploads-767096499289.us-central1.cloudfunctions.appspot.com/60f6ec00-922a-414e-9858-00b83b751b83.zip [stream]
[debug] [2026-01-03T15:18:56.515Z] <<< [apiv2][status] PUT https://storage.googleapis.com/gcf-v2-uploads-767096499289.us-central1.cloudfunctions.appspot.com/60f6ec00-922a-414e-9858-00b83b751b83.zip 200
[debug] [2026-01-03T15:18:56.516Z] <<< [apiv2][body] PUT https://storage.googleapis.com/gcf-v2-uploads-767096499289.us-central1.cloudfunctions.appspot.com/60f6ec00-922a-414e-9858-00b83b751b83.zip [omitted]
[info] ✔  functions: functions folder uploaded successfully 
[info] i  functions: updating Node.js 20 (2nd Gen) function serveWebsite(us-central1)... 
[debug] [2026-01-03T15:18:56.523Z] Checked if tokens are valid: true, expires at: 1767457123947
[debug] [2026-01-03T15:18:56.523Z] Checked if tokens are valid: true, expires at: 1767457123947
[debug] [2026-01-03T15:18:56.523Z] >>> [apiv2][query] PATCH https://cloudfunctions.googleapis.com/v2/projects/restaurant-portal-6b147/locations/us-central1/functions/serveWebsite updateMask=name%2CbuildConfig.runtime%2CbuildConfig.entryPoint%2CbuildConfig.source.storageSource.bucket%2CbuildConfig.source.storageSource.object%2CbuildConfig.environmentVariables%2CbuildConfig.sourceToken%2CserviceConfig.environmentVariables%2CserviceConfig.ingressSettings%2CserviceConfig.timeoutSeconds%2CserviceConfig.serviceAccountEmail%2CserviceConfig.availableMemory%2CserviceConfig.minInstanceCount%2CserviceConfig.maxInstanceCount%2CserviceConfig.maxInstanceRequestConcurrency%2CserviceConfig.availableCpu%2CserviceConfig.vpcConnector%2CserviceConfig.vpcConnectorEgressSettings%2Clabels%2CbuildConfig.buildEnvironmentVariables
[debug] [2026-01-03T15:18:56.523Z] >>> [apiv2][body] PATCH https://cloudfunctions.googleapis.com/v2/projects/restaurant-portal-6b147/locations/us-central1/functions/serveWebsite {"name":"projects/restaurant-portal-6b147/locations/us-central1/functions/serveWebsite","buildConfig":{"runtime":"nodejs20","entryPoint":"serveWebsite","source":{"storageSource":{"bucket":"gcf-v2-uploads-767096499289.us-central1.cloudfunctions.appspot.com","object":"60f6ec00-922a-414e-9858-00b83b751b83.zip"}},"environmentVariables":{"GOOGLE_NODE_RUN_SCRIPTS":""}},"serviceConfig":{"environmentVariables":{"GEMINI_API_KEY":"AIzaSyCc3XmZesCox7aodXN23zv3HDrhCwJFZ0A","FIREBASE_CONFIG":"{\"projectId\":\"restaurant-portal-6b147\",\"storageBucket\":\"restaurant-portal-6b147.firebasestorage.app\"}","GCLOUD_PROJECT":"restaurant-portal-6b147","EVENTARC_CLOUD_EVENT_SOURCE":"projects/restaurant-portal-6b147/locations/us-central1/services/serveWebsite","FUNCTION_TARGET":"serveWebsite","LOG_EXECUTION_ID":"true"},"ingressSettings":null,"timeoutSeconds":null,"serviceAccountEmail":null,"availableMemory":"256Mi","minInstanceCount":null,"maxInstanceCount":null,"maxInstanceRequestConcurrency":80,"availableCpu":"1","vpcConnector":null,"vpcConnectorEgressSettings":null},"labels":{"deployment-tool":"cli-firebase","firebase-functions-hash":"11fa4390863c9b695c258698de38cfbffbb8f250"}}
[debug] [2026-01-03T15:18:57.541Z] <<< [apiv2][status] PATCH https://cloudfunctions.googleapis.com/v2/projects/restaurant-portal-6b147/locations/us-central1/functions/serveWebsite 200
[debug] [2026-01-03T15:18:57.541Z] <<< [apiv2][body] PATCH https://cloudfunctions.googleapis.com/v2/projects/restaurant-portal-6b147/locations/us-central1/functions/serveWebsite {"name":"projects/restaurant-portal-6b147/locations/us-central1/operations/operation-1767453536799-6477d5837cc82-9d29e136-255eca75","metadata":{"@type":"type.googleapis.com/google.cloud.functions.v2.OperationMetadata","createTime":"2026-01-03T15:18:57.711753657Z","target":"projects/restaurant-portal-6b147/locations/us-central1/functions/serveWebsite","verb":"update","cancelRequested":false,"apiVersion":"v2"},"done":false}
[debug] [2026-01-03T15:18:57.541Z] Checked if tokens are valid: true, expires at: 1767457123947
[debug] [2026-01-03T15:18:57.541Z] Checked if tokens are valid: true, expires at: 1767457123947
[debug] [2026-01-03T15:18:57.541Z] >>> [apiv2][query] GET https://cloudfunctions.googleapis.com/v2/projects/restaurant-portal-6b147/locations/us-central1/operations/operation-1767453536799-6477d5837cc82-9d29e136-255eca75 [none]
[debug] [2026-01-03T15:18:57.659Z] <<< [apiv2][status] GET https://cloudfunctions.googleapis.com/v2/projects/restaurant-portal-6b147/locations/us-central1/operations/operation-1767453536799-6477d5837cc82-9d29e136-255eca75 200
[debug] [2026-01-03T15:18:57.659Z] <<< [apiv2][body] GET https://cloudfunctions.googleapis.com/v2/projects/restaurant-portal-6b147/locations/us-central1/operations/operation-1767453536799-6477d5837cc82-9d29e136-255eca75 {"name":"projects/restaurant-portal-6b147/locations/us-central1/operations/operation-1767453536799-6477d5837cc82-9d29e136-255eca75","metadata":{"@type":"type.googleapis.com/google.cloud.functions.v2.OperationMetadata","createTime":"2026-01-03T15:18:57.711753657Z","target":"projects/restaurant-portal-6b147/locations/us-central1/functions/serveWebsite","verb":"update","cancelRequested":false,"apiVersion":"v2"},"done":false}
[debug] [2026-01-03T15:18:58.164Z] [update-default-us-central1-serveWebsite] Retrying task index 0
[debug] [2026-01-03T15:18:58.166Z] Checked if tokens are valid: true, expires at: 1767457123947
[debug] [2026-01-03T15:18:58.167Z] Checked if tokens are valid: true, expires at: 1767457123947
[debug] [2026-01-03T15:18:58.167Z] >>> [apiv2][query] GET https://cloudfunctions.googleapis.com/v2/projects/restaurant-portal-6b147/locations/us-central1/operations/operation-1767453536799-6477d5837cc82-9d29e136-255eca75 [none]
[debug] [2026-01-03T15:18:58.260Z] <<< [apiv2][status] GET https://cloudfunctions.googleapis.com/v2/projects/restaurant-portal-6b147/locations/us-central1/operations/operation-1767453536799-6477d5837cc82-9d29e136-255eca75 200
[debug] [2026-01-03T15:18:58.260Z] <<< [apiv2][body] GET https://cloudfunctions.googleapis.com/v2/projects/restaurant-portal-6b147/locations/us-central1/operations/operation-1767453536799-6477d5837cc82-9d29e136-255eca75 {"name":"projects/restaurant-portal-6b147/locations/us-central1/operations/operation-1767453536799-6477d5837cc82-9d29e136-255eca75","metadata":{"@type":"type.googleapis.com/google.cloud.functions.v2.OperationMetadata","createTime":"2026-01-03T15:18:57.711753657Z","target":"projects/restaurant-portal-6b147/locations/us-central1/functions/serveWebsite","verb":"update","cancelRequested":false,"apiVersion":"v2","requestResource":{"@type":"type.googleapis.com/google.cloud.functions.v2.Function","name":"projects/restaurant-portal-6b147/locations/us-central1/functions/serveWebsite","buildConfig":{"runtime":"nodejs20","entryPoint":"serveWebsite","source":{"storageSource":{"bucket":"gcf-v2-sources-767096499289-us-central1","object":"serveWebsite/function-source.zip","generation":"1767453537616776"}},"environmentVariables":{"GOOGLE_NODE_RUN_SCRIPTS":""},"dockerRepository":"projects/restaurant-portal-6b147/locations/us-central1/repositories/gcf-artifacts","sourceProvenance":{"resolvedStorageSource":{"bucket":"gcf-v2-sources-767096499289-us-central1","object":"serveWebsite/function-source.zip","generation":"1767421005004984"}},"dockerRegistry":"ARTIFACT_REGISTRY","serviceAccount":"projects/restaurant-portal-6b147/serviceAccounts/767096499289-compute@developer.gserviceaccount.com","automaticUpdatePolicy":{}},"serviceConfig":{"service":"projects/restaurant-portal-6b147/locations/us-central1/services/servewebsite","timeoutSeconds":60,"environmentVariables":{"GEMINI_API_KEY":"AIzaSyCc3XmZesCox7aodXN23zv3HDrhCwJFZ0A","FIREBASE_CONFIG":"{\"projectId\":\"restaurant-portal-6b147\",\"storageBucket\":\"restaurant-portal-6b147.firebasestorage.app\"}","GCLOUD_PROJECT":"restaurant-portal-6b147","EVENTARC_CLOUD_EVENT_SOURCE":"projects/restaurant-portal-6b147/locations/us-central1/services/serveWebsite","FUNCTION_TARGET":"serveWebsite","LOG_EXECUTION_ID":"true"},"ingressSettings":"ALLOW_ALL","uri":"https://servewebsite-jegrsn3m2a-uc.a.run.app","serviceAccountEmail":"767096499289-compute@developer.gserviceaccount.com","availableMemory":"256Mi","allTrafficOnLatestRevision":true,"revision":"servewebsite-00043-nug","maxInstanceRequestConcurrency":80,"availableCpu":"1"},"state":"ACTIVE","labels":{"deployment-tool":"cli-firebase","firebase-functions-hash":"11fa4390863c9b695c258698de38cfbffbb8f250"},"environment":"GEN_2","url":"https://us-central1-restaurant-portal-6b147.cloudfunctions.net/serveWebsite","satisfiesPzi":true},"stages":[{"name":"BUILD","state":"NOT_STARTED"},{"name":"SERVICE","state":"NOT_STARTED"}],"operationType":"UPDATE_FUNCTION"},"done":false}
